  Determining projects to restore...
  All projects are up-to-date for restore.
  GameRecordService -> C:\Users\yusuke.hasegawa\source\repos\CardBattleEngine\GameRecordService\bin\Debug\net8.0\GameRecordService.dll
C:\Users\yusuke.hasegawa\source\repos\CardBattleEngine\CardBattleEngine\CardDatabase.cs(148,30): warning CS8632: The annotation for nullable reference types should only be used in code within a '#nullable' annotations context. [C:\Users\yusuke.hasegawa\source\repos\CardBattleEngine\CardBattleEngine\CardBattleEngine.csproj]
C:\Users\yusuke.hasegawa\source\repos\CardBattleEngine\CardBattleEngine\Engine\GameState.cs(8,15): warning CS8632: The annotation for nullable reference types should only be used in code within a '#nullable' annotations context. [C:\Users\yusuke.hasegawa\source\repos\CardBattleEngine\CardBattleEngine\CardBattleEngine.csproj]
C:\Users\yusuke.hasegawa\source\repos\CardBattleEngine\CardBattleEngine\Entities\Card.cs(10,15): warning CS8632: The annotation for nullable reference types should only be used in code within a '#nullable' annotations context. [C:\Users\yusuke.hasegawa\source\repos\CardBattleEngine\CardBattleEngine\CardBattleEngine.csproj]
C:\Users\yusuke.hasegawa\source\repos\CardBattleEngine\CardBattleEngine\Entities\Card.cs(15,29): warning CS8632: The annotation for nullable reference types should only be used in code within a '#nullable' annotations context. [C:\Users\yusuke.hasegawa\source\repos\CardBattleEngine\CardBattleEngine\CardBattleEngine.csproj]
C:\Users\yusuke.hasegawa\source\repos\CardBattleEngine\CardBattleEngine\Entities\Card.cs(16,25): warning CS8632: The annotation for nullable reference types should only be used in code within a '#nullable' annotations context. [C:\Users\yusuke.hasegawa\source\repos\CardBattleEngine\CardBattleEngine\CardBattleEngine.csproj]
C:\Users\yusuke.hasegawa\source\repos\CardBattleEngine\CardBattleEngine\View\PlayerGameView.cs(14,26): warning CS8632: The annotation for nullable reference types should only be used in code within a '#nullable' annotations context. [C:\Users\yusuke.hasegawa\source\repos\CardBattleEngine\CardBattleEngine\CardBattleEngine.csproj]
C:\Users\yusuke.hasegawa\source\repos\CardBattleEngine\CardBattleEngine\Entities\HeroPower.cs(8,29): warning CS8632: The annotation for nullable reference types should only be used in code within a '#nullable' annotations context. [C:\Users\yusuke.hasegawa\source\repos\CardBattleEngine\CardBattleEngine\CardBattleEngine.csproj]
C:\Users\yusuke.hasegawa\source\repos\CardBattleEngine\CardBattleEngine\Entities\HeroPower.cs(9,25): warning CS8632: The annotation for nullable reference types should only be used in code within a '#nullable' annotations context. [C:\Users\yusuke.hasegawa\source\repos\CardBattleEngine\CardBattleEngine\CardBattleEngine.csproj]
C:\Users\yusuke.hasegawa\source\repos\CardBattleEngine\CardBattleEngine\View\PlayerGameView.cs(66,15): warning CS8632: The annotation for nullable reference types should only be used in code within a '#nullable' annotations context. [C:\Users\yusuke.hasegawa\source\repos\CardBattleEngine\CardBattleEngine\CardBattleEngine.csproj]
C:\Users\yusuke.hasegawa\source\repos\CardBattleEngine\CardBattleEngine\View\PlayerGameView.cs(95,15): warning CS8632: The annotation for nullable reference types should only be used in code within a '#nullable' annotations context. [C:\Users\yusuke.hasegawa\source\repos\CardBattleEngine\CardBattleEngine\CardBattleEngine.csproj]
C:\Users\yusuke.hasegawa\source\repos\CardBattleEngine\CardBattleEngine\View\PlayerGameView.cs(44,23): warning CS8632: The annotation for nullable reference types should only be used in code within a '#nullable' annotations context. [C:\Users\yusuke.hasegawa\source\repos\CardBattleEngine\CardBattleEngine\CardBattleEngine.csproj]
C:\Users\yusuke.hasegawa\source\repos\CardBattleEngine\CardBattleEngine\View\PlayerGameView.cs(81,15): warning CS8632: The annotation for nullable reference types should only be used in code within a '#nullable' annotations context. [C:\Users\yusuke.hasegawa\source\repos\CardBattleEngine\CardBattleEngine\CardBattleEngine.csproj]
C:\Users\yusuke.hasegawa\source\repos\CardBattleEngine\CardBattleEngine\View\PlayerGameView.cs(51,19): warning CS8632: The annotation for nullable reference types should only be used in code within a '#nullable' annotations context. [C:\Users\yusuke.hasegawa\source\repos\CardBattleEngine\CardBattleEngine\CardBattleEngine.csproj]
C:\Users\yusuke.hasegawa\source\repos\CardBattleEngine\CardBattleEngine\View\PlayerGameView.cs(52,22): warning CS8632: The annotation for nullable reference types should only be used in code within a '#nullable' annotations context. [C:\Users\yusuke.hasegawa\source\repos\CardBattleEngine\CardBattleEngine\CardBattleEngine.csproj]
C:\Users\yusuke.hasegawa\source\repos\CardBattleEngine\CardBattleEngine\View\PlayerGameView.cs(55,25): warning CS8632: The annotation for nullable reference types should only be used in code within a '#nullable' annotations context. [C:\Users\yusuke.hasegawa\source\repos\CardBattleEngine\CardBattleEngine\CardBattleEngine.csproj]
C:\Users\yusuke.hasegawa\source\repos\CardBattleEngine\CardBattleEngine\Entities\Player.cs(41,15): warning CS8632: The annotation for nullable reference types should only be used in code within a '#nullable' annotations context. [C:\Users\yusuke.hasegawa\source\repos\CardBattleEngine\CardBattleEngine\CardBattleEngine.csproj]
C:\Users\yusuke.hasegawa\source\repos\CardBattleEngine\CardBattleEngine\View\PlayerGameView.cs(146,15): warning CS8632: The annotation for nullable reference types should only be used in code within a '#nullable' annotations context. [C:\Users\yusuke.hasegawa\source\repos\CardBattleEngine\CardBattleEngine\CardBattleEngine.csproj]
C:\Users\yusuke.hasegawa\source\repos\CardBattleEngine\CardBattleEngine\View\PlayerGameView.cs(151,15): warning CS8632: The annotation for nullable reference types should only be used in code within a '#nullable' annotations context. [C:\Users\yusuke.hasegawa\source\repos\CardBattleEngine\CardBattleEngine\CardBattleEngine.csproj]
C:\Users\yusuke.hasegawa\source\repos\CardBattleEngine\CardBattleEngine\View\PlayerGameView.cs(153,15): warning CS8632: The annotation for nullable reference types should only be used in code within a '#nullable' annotations context. [C:\Users\yusuke.hasegawa\source\repos\CardBattleEngine\CardBattleEngine\CardBattleEngine.csproj]
C:\Users\yusuke.hasegawa\source\repos\CardBattleEngine\CardBattleEngine\Entities\RelicAbility.cs(8,29): warning CS8632: The annotation for nullable reference types should only be used in code within a '#nullable' annotations context. [C:\Users\yusuke.hasegawa\source\repos\CardBattleEngine\CardBattleEngine\CardBattleEngine.csproj]
C:\Users\yusuke.hasegawa\source\repos\CardBattleEngine\CardBattleEngine\Entities\RelicAbility.cs(9,25): warning CS8632: The annotation for nullable reference types should only be used in code within a '#nullable' annotations context. [C:\Users\yusuke.hasegawa\source\repos\CardBattleEngine\CardBattleEngine\CardBattleEngine.csproj]
C:\Users\yusuke.hasegawa\source\repos\CardBattleEngine\CardBattleEngine\Engine\GameStateHasher.cs(76,4): warning CS0675: Bitwise-or operator used on a sign-extended operand; consider casting to a smaller unsigned type first [C:\Users\yusuke.hasegawa\source\repos\CardBattleEngine\CardBattleEngine\CardBattleEngine.csproj]
C:\Users\yusuke.hasegawa\source\repos\CardBattleEngine\CardBattleEngine\TriggerConditions\CombinedCondition.cs(18,5): warning CS0162: Unreachable code detected [C:\Users\yusuke.hasegawa\source\repos\CardBattleEngine\CardBattleEngine\CardBattleEngine.csproj]
C:\Users\yusuke.hasegawa\source\repos\CardBattleEngine\CardBattleEngine\TriggerConditions\CombinedCondition.cs(21,5): warning CS0162: Unreachable code detected [C:\Users\yusuke.hasegawa\source\repos\CardBattleEngine\CardBattleEngine\CardBattleEngine.csproj]
C:\Users\yusuke.hasegawa\source\repos\CardBattleEngine\CardBattleEngine\TriggerConditions\TargetOwnerCondition.cs(15,5): warning CS0162: Unreachable code detected [C:\Users\yusuke.hasegawa\source\repos\CardBattleEngine\CardBattleEngine\CardBattleEngine.csproj]
C:\Users\yusuke.hasegawa\source\repos\CardBattleEngine\CardBattleEngine\TriggerConditions\TargetOwnerCondition.cs(18,5): warning CS0162: Unreachable code detected [C:\Users\yusuke.hasegawa\source\repos\CardBattleEngine\CardBattleEngine\CardBattleEngine.csproj]
C:\Users\yusuke.hasegawa\source\repos\CardBattleEngine\CardBattleEngine\TriggerConditions\TargetOwnerCondition.cs(21,5): warning CS0162: Unreachable code detected [C:\Users\yusuke.hasegawa\source\repos\CardBattleEngine\CardBattleEngine\CardBattleEngine.csproj]
C:\Users\yusuke.hasegawa\source\repos\CardBattleEngine\CardBattleEngine\TriggerConditions\SourceOwnerCondition.cs(63,5): warning CS0162: Unreachable code detected [C:\Users\yusuke.hasegawa\source\repos\CardBattleEngine\CardBattleEngine\CardBattleEngine.csproj]
C:\Users\yusuke.hasegawa\source\repos\CardBattleEngine\CardBattleEngine\TriggerConditions\SourceOwnerCondition.cs(66,5): warning CS0162: Unreachable code detected [C:\Users\yusuke.hasegawa\source\repos\CardBattleEngine\CardBattleEngine\CardBattleEngine.csproj]
C:\Users\yusuke.hasegawa\source\repos\CardBattleEngine\CardBattleEngine\TriggerConditions\SourceOwnerCondition.cs(69,5): warning CS0162: Unreachable code detected [C:\Users\yusuke.hasegawa\source\repos\CardBattleEngine\CardBattleEngine\CardBattleEngine.csproj]
C:\Users\yusuke.hasegawa\source\repos\CardBattleEngine\CardBattleEngine\TriggerConditions\SourceOwnerCondition.cs(33,5): warning CS0162: Unreachable code detected [C:\Users\yusuke.hasegawa\source\repos\CardBattleEngine\CardBattleEngine\CardBattleEngine.csproj]
C:\Users\yusuke.hasegawa\source\repos\CardBattleEngine\CardBattleEngine\TriggerConditions\SourceOwnerCondition.cs(36,5): warning CS0162: Unreachable code detected [C:\Users\yusuke.hasegawa\source\repos\CardBattleEngine\CardBattleEngine\CardBattleEngine.csproj]
C:\Users\yusuke.hasegawa\source\repos\CardBattleEngine\CardBattleEngine\TriggerConditions\SourceOwnerCondition.cs(39,5): warning CS0162: Unreachable code detected [C:\Users\yusuke.hasegawa\source\repos\CardBattleEngine\CardBattleEngine\CardBattleEngine.csproj]
C:\Users\yusuke.hasegawa\source\repos\CardBattleEngine\CardBattleEngine\ValueProviders\StatValue.cs(25,5): warning CS0162: Unreachable code detected [C:\Users\yusuke.hasegawa\source\repos\CardBattleEngine\CardBattleEngine\CardBattleEngine.csproj]
C:\Users\yusuke.hasegawa\source\repos\CardBattleEngine\CardBattleEngine\ValueProviders\StatValue.cs(28,5): warning CS0162: Unreachable code detected [C:\Users\yusuke.hasegawa\source\repos\CardBattleEngine\CardBattleEngine\CardBattleEngine.csproj]
C:\Users\yusuke.hasegawa\source\repos\CardBattleEngine\CardBattleEngine\ValueProviders\StatValue.cs(31,5): warning CS0162: Unreachable code detected [C:\Users\yusuke.hasegawa\source\repos\CardBattleEngine\CardBattleEngine\CardBattleEngine.csproj]
  CardBattleEngine -> C:\Users\yusuke.hasegawa\source\repos\CardBattleEngine\CardBattleEngine\bin\Debug\netstandard2.0\CardBattleEngine.dll
C:\Users\yusuke.hasegawa\source\repos\CardBattleEngine\CardBattleEngine.Benchmark\Program.cs(383,17): warning CS8618: Non-nullable field '_player' must contain a non-null value when exiting constructor. Consider adding the 'required' modifier or declaring the field as nullable. [C:\Users\yusuke.hasegawa\source\repos\CardBattleEngine\CardBattleEngine.Benchmark\CardBattleEngine.Benchmark.csproj]
C:\Users\yusuke.hasegawa\source\repos\CardBattleEngine\CardBattleEngine.Benchmark\Program.cs(170,14): warning CS8600: Converting null literal or possible null value to non-nullable type. [C:\Users\yusuke.hasegawa\source\repos\CardBattleEngine\CardBattleEngine.Benchmark\CardBattleEngine.Benchmark.csproj]
C:\Users\yusuke.hasegawa\source\repos\CardBattleEngine\CardBattleEngine.Benchmark\Program.cs(242,37): warning CS8619: Nullability of reference types in value of type '(IGameAction?, ActionContext?)' doesn't match target type '(IGameAction, ActionContext)'. [C:\Users\yusuke.hasegawa\source\repos\CardBattleEngine\CardBattleEngine.Benchmark\CardBattleEngine.Benchmark.csproj]
C:\Users\yusuke.hasegawa\source\repos\CardBattleEngine\CardBattleEngine.Benchmark\Program.cs(249,45): warning CS8619: Nullability of reference types in value of type '(IGameAction?, ActionContext?)' doesn't match target type '(IGameAction, ActionContext)'. [C:\Users\yusuke.hasegawa\source\repos\CardBattleEngine\CardBattleEngine.Benchmark\CardBattleEngine.Benchmark.csproj]
C:\Users\yusuke.hasegawa\source\repos\CardBattleEngine\CardBattleEngine.Benchmark\Program.cs(331,29): warning CS8602: Dereference of a possibly null reference. [C:\Users\yusuke.hasegawa\source\repos\CardBattleEngine\CardBattleEngine.Benchmark\CardBattleEngine.Benchmark.csproj]
C:\Users\yusuke.hasegawa\source\repos\CardBattleEngine\CardBattleEngine.Benchmark\Program.cs(159,17): warning CS8618: Non-nullable field '_player' must contain a non-null value when exiting constructor. Consider adding the 'required' modifier or declaring the field as nullable. [C:\Users\yusuke.hasegawa\source\repos\CardBattleEngine\CardBattleEngine.Benchmark\CardBattleEngine.Benchmark.csproj]
C:\Users\yusuke.hasegawa\source\repos\CardBattleEngine\CardBattleEngine.Benchmark\Program.cs(160,21): warning CS8618: Non-nullable field '_engine' must contain a non-null value when exiting constructor. Consider adding the 'required' modifier or declaring the field as nullable. [C:\Users\yusuke.hasegawa\source\repos\CardBattleEngine\CardBattleEngine.Benchmark\CardBattleEngine.Benchmark.csproj]
C:\Users\yusuke.hasegawa\source\repos\CardBattleEngine\CardBattleEngine.Benchmark\Program.cs(161,17): warning CS8618: Non-nullable field '_random' must contain a non-null value when exiting constructor. Consider adding the 'required' modifier or declaring the field as nullable. [C:\Users\yusuke.hasegawa\source\repos\CardBattleEngine\CardBattleEngine.Benchmark\CardBattleEngine.Benchmark.csproj]
  CardBattleEngine.Benchmark -> C:\Users\yusuke.hasegawa\source\repos\CardBattleEngine\CardBattleEngine.Benchmark\bin\Debug\net8.0\CardBattleEngine.Benchmark.dll
C:\Users\yusuke.hasegawa\source\repos\CardBattleEngine\CardBattleEngine.Test\DebugLambaAction.cs(10,12): warning CS8625: Cannot convert null literal to non-nullable reference type. [C:\Users\yusuke.hasegawa\source\repos\CardBattleEngine\CardBattleEngine.Test\CardBattleEngine.Test.csproj]
C:\Users\yusuke.hasegawa\source\repos\CardBattleEngine\CardBattleEngine.Test\WeaponTest.cs(44,42): warning CS8602: Dereference of a possibly null reference. [C:\Users\yusuke.hasegawa\source\repos\CardBattleEngine\CardBattleEngine.Test\CardBattleEngine.Test.csproj]
C:\Users\yusuke.hasegawa\source\repos\CardBattleEngine\CardBattleEngine.Test\DebugLambaAction.cs(7,46): warning CS8618: Non-nullable field 'IsValidFunc' must contain a non-null value when exiting constructor. Consider adding the 'required' modifier or declaring the field as nullable. [C:\Users\yusuke.hasegawa\source\repos\CardBattleEngine\CardBattleEngine.Test\CardBattleEngine.Test.csproj]
C:\Users\yusuke.hasegawa\source\repos\CardBattleEngine\CardBattleEngine.Test\DebugLambaAction.cs(14,83): warning CS8618: Non-nullable field 'ResolveFunc' must contain a non-null value when exiting constructor. Consider adding the 'required' modifier or declaring the field as nullable. [C:\Users\yusuke.hasegawa\source\repos\CardBattleEngine\CardBattleEngine.Test\CardBattleEngine.Test.csproj]
C:\Users\yusuke.hasegawa\source\repos\CardBattleEngine\CardBattleEngine.Test\ControlActionTest.cs(63,7): warning CS0219: The variable 'count' is assigned but its value is never used [C:\Users\yusuke.hasegawa\source\repos\CardBattleEngine\CardBattleEngine.Test\CardBattleEngine.Test.csproj]
C:\Users\yusuke.hasegawa\source\repos\CardBattleEngine\CardBattleEngine.Test\HashTest.cs(97,22): warning CS8602: Dereference of a possibly null reference. [C:\Users\yusuke.hasegawa\source\repos\CardBattleEngine\CardBattleEngine.Test\CardBattleEngine.Test.csproj]
C:\Users\yusuke.hasegawa\source\repos\CardBattleEngine\CardBattleEngine.Test\WeaponTest.cs(75,22): warning CS8602: Dereference of a possibly null reference. [C:\Users\yusuke.hasegawa\source\repos\CardBattleEngine\CardBattleEngine.Test\CardBattleEngine.Test.csproj]
C:\Users\yusuke.hasegawa\source\repos\CardBattleEngine\CardBattleEngine.Test\DiscoverTests.cs(97,39): warning CS8602: Dereference of a possibly null reference. [C:\Users\yusuke.hasegawa\source\repos\CardBattleEngine\CardBattleEngine.Test\CardBattleEngine.Test.csproj]
C:\Users\yusuke.hasegawa\source\repos\CardBattleEngine\CardBattleEngine.Test\CloneTests.cs(210,29): warning CS8602: Dereference of a possibly null reference. [C:\Users\yusuke.hasegawa\source\repos\CardBattleEngine\CardBattleEngine.Test\CardBattleEngine.Test.csproj]
C:\Users\yusuke.hasegawa\source\repos\CardBattleEngine\CardBattleEngine.Test\CloneTests.cs(259,29): warning CS8602: Dereference of a possibly null reference. [C:\Users\yusuke.hasegawa\source\repos\CardBattleEngine\CardBattleEngine.Test\CardBattleEngine.Test.csproj]
C:\Users\yusuke.hasegawa\source\repos\CardBattleEngine\CardBattleEngine.Test\ControlActionTest.cs(143,7): warning CS0219: The variable 'count' is assigned but its value is never used [C:\Users\yusuke.hasegawa\source\repos\CardBattleEngine\CardBattleEngine.Test\CardBattleEngine.Test.csproj]
C:\Users\yusuke.hasegawa\source\repos\CardBattleEngine\GameRunner\MonteCarloModel.cs(62,12): warning CS8601: Possible null reference assignment. [C:\Users\yusuke.hasegawa\source\repos\CardBattleEngine\GameRunner\GameRunner.csproj]
C:\Users\yusuke.hasegawa\source\repos\CardBattleEngine\GameRunner\PocTestDriver.cs(224,16): warning CS8600: Converting null literal or possible null value to non-nullable type. [C:\Users\yusuke.hasegawa\source\repos\CardBattleEngine\GameRunner\GameRunner.csproj]
  CardBattleEngine.Test -> C:\Users\yusuke.hasegawa\source\repos\CardBattleEngine\CardBattleEngine.Test\bin\Debug\net8.0\CardBattleEngine.Test.dll
  GameRunner -> C:\Users\yusuke.hasegawa\source\repos\CardBattleEngine\GameRunner\bin\Debug\net8.0\GameRunner.dll
  GameServer -> C:\Users\yusuke.hasegawa\source\repos\CardBattleEngine\GameServer\bin\Debug\net8.0\GameServer.dll
  GameServer.TestClient -> C:\Users\yusuke.hasegawa\source\repos\CardBattleEngine\GameServer.TestClient\bin\Debug\net8.0\GameServer.TestClient.dll
  GameServer.Test -> C:\Users\yusuke.hasegawa\source\repos\CardBattleEngine\GameServer.Test\bin\Debug\net8.0\GameServer.Test.dll
  CardGenerator -> C:\Users\yusuke.hasegawa\source\repos\CardBattleEngine\CardGenerator\bin\Debug\net8.0\CardGenerator.dll
C:\Users\yusuke.hasegawa\source\repos\CardBattleEngine\GamePlayer\RemoteGameClient.cs(532,10): warning CS8603: Possible null reference return. [C:\Users\yusuke.hasegawa\source\repos\CardBattleEngine\GamePlayer\GamePlayer.csproj]
  GamePlayer -> C:\Users\yusuke.hasegawa\source\repos\CardBattleEngine\GamePlayer\bin\Debug\net8.0\GamePlayer.dll

Build succeeded.

C:\Users\yusuke.hasegawa\source\repos\CardBattleEngine\CardBattleEngine\CardDatabase.cs(148,30): warning CS8632: The annotation for nullable reference types should only be used in code within a '#nullable' annotations context. [C:\Users\yusuke.hasegawa\source\repos\CardBattleEngine\CardBattleEngine\CardBattleEngine.csproj]
C:\Users\yusuke.hasegawa\source\repos\CardBattleEngine\CardBattleEngine\Engine\GameState.cs(8,15): warning CS8632: The annotation for nullable reference types should only be used in code within a '#nullable' annotations context. [C:\Users\yusuke.hasegawa\source\repos\CardBattleEngine\CardBattleEngine\CardBattleEngine.csproj]
C:\Users\yusuke.hasegawa\source\repos\CardBattleEngine\CardBattleEngine\Entities\Card.cs(10,15): warning CS8632: The annotation for nullable reference types should only be used in code within a '#nullable' annotations context. [C:\Users\yusuke.hasegawa\source\repos\CardBattleEngine\CardBattleEngine\CardBattleEngine.csproj]
C:\Users\yusuke.hasegawa\source\repos\CardBattleEngine\CardBattleEngine\Entities\Card.cs(15,29): warning CS8632: The annotation for nullable reference types should only be used in code within a '#nullable' annotations context. [C:\Users\yusuke.hasegawa\source\repos\CardBattleEngine\CardBattleEngine\CardBattleEngine.csproj]
C:\Users\yusuke.hasegawa\source\repos\CardBattleEngine\CardBattleEngine\Entities\Card.cs(16,25): warning CS8632: The annotation for nullable reference types should only be used in code within a '#nullable' annotations context. [C:\Users\yusuke.hasegawa\source\repos\CardBattleEngine\CardBattleEngine\CardBattleEngine.csproj]
C:\Users\yusuke.hasegawa\source\repos\CardBattleEngine\CardBattleEngine\View\PlayerGameView.cs(14,26): warning CS8632: The annotation for nullable reference types should only be used in code within a '#nullable' annotations context. [C:\Users\yusuke.hasegawa\source\repos\CardBattleEngine\CardBattleEngine\CardBattleEngine.csproj]
C:\Users\yusuke.hasegawa\source\repos\CardBattleEngine\CardBattleEngine\Entities\HeroPower.cs(8,29): warning CS8632: The annotation for nullable reference types should only be used in code within a '#nullable' annotations context. [C:\Users\yusuke.hasegawa\source\repos\CardBattleEngine\CardBattleEngine\CardBattleEngine.csproj]
C:\Users\yusuke.hasegawa\source\repos\CardBattleEngine\CardBattleEngine\Entities\HeroPower.cs(9,25): warning CS8632: The annotation for nullable reference types should only be used in code within a '#nullable' annotations context. [C:\Users\yusuke.hasegawa\source\repos\CardBattleEngine\CardBattleEngine\CardBattleEngine.csproj]
C:\Users\yusuke.hasegawa\source\repos\CardBattleEngine\CardBattleEngine\View\PlayerGameView.cs(66,15): warning CS8632: The annotation for nullable reference types should only be used in code within a '#nullable' annotations context. [C:\Users\yusuke.hasegawa\source\repos\CardBattleEngine\CardBattleEngine\CardBattleEngine.csproj]
C:\Users\yusuke.hasegawa\source\repos\CardBattleEngine\CardBattleEngine\View\PlayerGameView.cs(95,15): warning CS8632: The annotation for nullable reference types should only be used in code within a '#nullable' annotations context. [C:\Users\yusuke.hasegawa\source\repos\CardBattleEngine\CardBattleEngine\CardBattleEngine.csproj]
C:\Users\yusuke.hasegawa\source\repos\CardBattleEngine\CardBattleEngine\View\PlayerGameView.cs(44,23): warning CS8632: The annotation for nullable reference types should only be used in code within a '#nullable' annotations context. [C:\Users\yusuke.hasegawa\source\repos\CardBattleEngine\CardBattleEngine\CardBattleEngine.csproj]
C:\Users\yusuke.hasegawa\source\repos\CardBattleEngine\CardBattleEngine\View\PlayerGameView.cs(81,15): warning CS8632: The annotation for nullable reference types should only be used in code within a '#nullable' annotations context. [C:\Users\yusuke.hasegawa\source\repos\CardBattleEngine\CardBattleEngine\CardBattleEngine.csproj]
C:\Users\yusuke.hasegawa\source\repos\CardBattleEngine\CardBattleEngine\View\PlayerGameView.cs(51,19): warning CS8632: The annotation for nullable reference types should only be used in code within a '#nullable' annotations context. [C:\Users\yusuke.hasegawa\source\repos\CardBattleEngine\CardBattleEngine\CardBattleEngine.csproj]
C:\Users\yusuke.hasegawa\source\repos\CardBattleEngine\CardBattleEngine\View\PlayerGameView.cs(52,22): warning CS8632: The annotation for nullable reference types should only be used in code within a '#nullable' annotations context. [C:\Users\yusuke.hasegawa\source\repos\CardBattleEngine\CardBattleEngine\CardBattleEngine.csproj]
C:\Users\yusuke.hasegawa\source\repos\CardBattleEngine\CardBattleEngine\View\PlayerGameView.cs(55,25): warning CS8632: The annotation for nullable reference types should only be used in code within a '#nullable' annotations context. [C:\Users\yusuke.hasegawa\source\repos\CardBattleEngine\CardBattleEngine\CardBattleEngine.csproj]
C:\Users\yusuke.hasegawa\source\repos\CardBattleEngine\CardBattleEngine\Entities\Player.cs(41,15): warning CS8632: The annotation for nullable reference types should only be used in code within a '#nullable' annotations context. [C:\Users\yusuke.hasegawa\source\repos\CardBattleEngine\CardBattleEngine\CardBattleEngine.csproj]
C:\Users\yusuke.hasegawa\source\repos\CardBattleEngine\CardBattleEngine\View\PlayerGameView.cs(146,15): warning CS8632: The annotation for nullable reference types should only be used in code within a '#nullable' annotations context. [C:\Users\yusuke.hasegawa\source\repos\CardBattleEngine\CardBattleEngine\CardBattleEngine.csproj]
C:\Users\yusuke.hasegawa\source\repos\CardBattleEngine\CardBattleEngine\View\PlayerGameView.cs(151,15): warning CS8632: The annotation for nullable reference types should only be used in code within a '#nullable' annotations context. [C:\Users\yusuke.hasegawa\source\repos\CardBattleEngine\CardBattleEngine\CardBattleEngine.csproj]
C:\Users\yusuke.hasegawa\source\repos\CardBattleEngine\CardBattleEngine\View\PlayerGameView.cs(153,15): warning CS8632: The annotation for nullable reference types should only be used in code within a '#nullable' annotations context. [C:\Users\yusuke.hasegawa\source\repos\CardBattleEngine\CardBattleEngine\CardBattleEngine.csproj]
C:\Users\yusuke.hasegawa\source\repos\CardBattleEngine\CardBattleEngine\Entities\RelicAbility.cs(8,29): warning CS8632: The annotation for nullable reference types should only be used in code within a '#nullable' annotations context. [C:\Users\yusuke.hasegawa\source\repos\CardBattleEngine\CardBattleEngine\CardBattleEngine.csproj]
C:\Users\yusuke.hasegawa\source\repos\CardBattleEngine\CardBattleEngine\Entities\RelicAbility.cs(9,25): warning CS8632: The annotation for nullable reference types should only be used in code within a '#nullable' annotations context. [C:\Users\yusuke.hasegawa\source\repos\CardBattleEngine\CardBattleEngine\CardBattleEngine.csproj]
C:\Users\yusuke.hasegawa\source\repos\CardBattleEngine\CardBattleEngine\Engine\GameStateHasher.cs(76,4): warning CS0675: Bitwise-or operator used on a sign-extended operand; consider casting to a smaller unsigned type first [C:\Users\yusuke.hasegawa\source\repos\CardBattleEngine\CardBattleEngine\CardBattleEngine.csproj]
C:\Users\yusuke.hasegawa\source\repos\CardBattleEngine\CardBattleEngine\TriggerConditions\CombinedCondition.cs(18,5): warning CS0162: Unreachable code detected [C:\Users\yusuke.hasegawa\source\repos\CardBattleEngine\CardBattleEngine\CardBattleEngine.csproj]
C:\Users\yusuke.hasegawa\source\repos\CardBattleEngine\CardBattleEngine\TriggerConditions\CombinedCondition.cs(21,5): warning CS0162: Unreachable code detected [C:\Users\yusuke.hasegawa\source\repos\CardBattleEngine\CardBattleEngine\CardBattleEngine.csproj]
C:\Users\yusuke.hasegawa\source\repos\CardBattleEngine\CardBattleEngine\TriggerConditions\TargetOwnerCondition.cs(15,5): warning CS0162: Unreachable code detected [C:\Users\yusuke.hasegawa\source\repos\CardBattleEngine\CardBattleEngine\CardBattleEngine.csproj]
C:\Users\yusuke.hasegawa\source\repos\CardBattleEngine\CardBattleEngine\TriggerConditions\TargetOwnerCondition.cs(18,5): warning CS0162: Unreachable code detected [C:\Users\yusuke.hasegawa\source\repos\CardBattleEngine\CardBattleEngine\CardBattleEngine.csproj]
C:\Users\yusuke.hasegawa\source\repos\CardBattleEngine\CardBattleEngine\TriggerConditions\TargetOwnerCondition.cs(21,5): warning CS0162: Unreachable code detected [C:\Users\yusuke.hasegawa\source\repos\CardBattleEngine\CardBattleEngine\CardBattleEngine.csproj]
C:\Users\yusuke.hasegawa\source\repos\CardBattleEngine\CardBattleEngine\TriggerConditions\SourceOwnerCondition.cs(63,5): warning CS0162: Unreachable code detected [C:\Users\yusuke.hasegawa\source\repos\CardBattleEngine\CardBattleEngine\CardBattleEngine.csproj]
C:\Users\yusuke.hasegawa\source\repos\CardBattleEngine\CardBattleEngine\TriggerConditions\SourceOwnerCondition.cs(66,5): warning CS0162: Unreachable code detected [C:\Users\yusuke.hasegawa\source\repos\CardBattleEngine\CardBattleEngine\CardBattleEngine.csproj]
C:\Users\yusuke.hasegawa\source\repos\CardBattleEngine\CardBattleEngine\TriggerConditions\SourceOwnerCondition.cs(69,5): warning CS0162: Unreachable code detected [C:\Users\yusuke.hasegawa\source\repos\CardBattleEngine\CardBattleEngine\CardBattleEngine.csproj]
C:\Users\yusuke.hasegawa\source\repos\CardBattleEngine\CardBattleEngine\TriggerConditions\SourceOwnerCondition.cs(33,5): warning CS0162: Unreachable code detected [C:\Users\yusuke.hasegawa\source\repos\CardBattleEngine\CardBattleEngine\CardBattleEngine.csproj]
C:\Users\yusuke.hasegawa\source\repos\CardBattleEngine\CardBattleEngine\TriggerConditions\SourceOwnerCondition.cs(36,5): warning CS0162: Unreachable code detected [C:\Users\yusuke.hasegawa\source\repos\CardBattleEngine\CardBattleEngine\CardBattleEngine.csproj]
C:\Users\yusuke.hasegawa\source\repos\CardBattleEngine\CardBattleEngine\TriggerConditions\SourceOwnerCondition.cs(39,5): warning CS0162: Unreachable code detected [C:\Users\yusuke.hasegawa\source\repos\CardBattleEngine\CardBattleEngine\CardBattleEngine.csproj]
C:\Users\yusuke.hasegawa\source\repos\CardBattleEngine\CardBattleEngine\ValueProviders\StatValue.cs(25,5): warning CS0162: Unreachable code detected [C:\Users\yusuke.hasegawa\source\repos\CardBattleEngine\CardBattleEngine\CardBattleEngine.csproj]
C:\Users\yusuke.hasegawa\source\repos\CardBattleEngine\CardBattleEngine\ValueProviders\StatValue.cs(28,5): warning CS0162: Unreachable code detected [C:\Users\yusuke.hasegawa\source\repos\CardBattleEngine\CardBattleEngine\CardBattleEngine.csproj]
C:\Users\yusuke.hasegawa\source\repos\CardBattleEngine\CardBattleEngine\ValueProviders\StatValue.cs(31,5): warning CS0162: Unreachable code detected [C:\Users\yusuke.hasegawa\source\repos\CardBattleEngine\CardBattleEngine\CardBattleEngine.csproj]
C:\Users\yusuke.hasegawa\source\repos\CardBattleEngine\CardBattleEngine.Benchmark\Program.cs(383,17): warning CS8618: Non-nullable field '_player' must contain a non-null value when exiting constructor. Consider adding the 'required' modifier or declaring the field as nullable. [C:\Users\yusuke.hasegawa\source\repos\CardBattleEngine\CardBattleEngine.Benchmark\CardBattleEngine.Benchmark.csproj]
C:\Users\yusuke.hasegawa\source\repos\CardBattleEngine\CardBattleEngine.Benchmark\Program.cs(170,14): warning CS8600: Converting null literal or possible null value to non-nullable type. [C:\Users\yusuke.hasegawa\source\repos\CardBattleEngine\CardBattleEngine.Benchmark\CardBattleEngine.Benchmark.csproj]
C:\Users\yusuke.hasegawa\source\repos\CardBattleEngine\CardBattleEngine.Benchmark\Program.cs(242,37): warning CS8619: Nullability of reference types in value of type '(IGameAction?, ActionContext?)' doesn't match target type '(IGameAction, ActionContext)'. [C:\Users\yusuke.hasegawa\source\repos\CardBattleEngine\CardBattleEngine.Benchmark\CardBattleEngine.Benchmark.csproj]
C:\Users\yusuke.hasegawa\source\repos\CardBattleEngine\CardBattleEngine.Benchmark\Program.cs(249,45): warning CS8619: Nullability of reference types in value of type '(IGameAction?, ActionContext?)' doesn't match target type '(IGameAction, ActionContext)'. [C:\Users\yusuke.hasegawa\source\repos\CardBattleEngine\CardBattleEngine.Benchmark\CardBattleEngine.Benchmark.csproj]
C:\Users\yusuke.hasegawa\source\repos\CardBattleEngine\CardBattleEngine.Benchmark\Program.cs(331,29): warning CS8602: Dereference of a possibly null reference. [C:\Users\yusuke.hasegawa\source\repos\CardBattleEngine\CardBattleEngine.Benchmark\CardBattleEngine.Benchmark.csproj]
C:\Users\yusuke.hasegawa\source\repos\CardBattleEngine\CardBattleEngine.Benchmark\Program.cs(159,17): warning CS8618: Non-nullable field '_player' must contain a non-null value when exiting constructor. Consider adding the 'required' modifier or declaring the field as nullable. [C:\Users\yusuke.hasegawa\source\repos\CardBattleEngine\CardBattleEngine.Benchmark\CardBattleEngine.Benchmark.csproj]
C:\Users\yusuke.hasegawa\source\repos\CardBattleEngine\CardBattleEngine.Benchmark\Program.cs(160,21): warning CS8618: Non-nullable field '_engine' must contain a non-null value when exiting constructor. Consider adding the 'required' modifier or declaring the field as nullable. [C:\Users\yusuke.hasegawa\source\repos\CardBattleEngine\CardBattleEngine.Benchmark\CardBattleEngine.Benchmark.csproj]
C:\Users\yusuke.hasegawa\source\repos\CardBattleEngine\CardBattleEngine.Benchmark\Program.cs(161,17): warning CS8618: Non-nullable field '_random' must contain a non-null value when exiting constructor. Consider adding the 'required' modifier or declaring the field as nullable. [C:\Users\yusuke.hasegawa\source\repos\CardBattleEngine\CardBattleEngine.Benchmark\CardBattleEngine.Benchmark.csproj]
C:\Users\yusuke.hasegawa\source\repos\CardBattleEngine\CardBattleEngine.Test\DebugLambaAction.cs(10,12): warning CS8625: Cannot convert null literal to non-nullable reference type. [C:\Users\yusuke.hasegawa\source\repos\CardBattleEngine\CardBattleEngine.Test\CardBattleEngine.Test.csproj]
C:\Users\yusuke.hasegawa\source\repos\CardBattleEngine\CardBattleEngine.Test\WeaponTest.cs(44,42): warning CS8602: Dereference of a possibly null reference. [C:\Users\yusuke.hasegawa\source\repos\CardBattleEngine\CardBattleEngine.Test\CardBattleEngine.Test.csproj]
C:\Users\yusuke.hasegawa\source\repos\CardBattleEngine\CardBattleEngine.Test\DebugLambaAction.cs(7,46): warning CS8618: Non-nullable field 'IsValidFunc' must contain a non-null value when exiting constructor. Consider adding the 'required' modifier or declaring the field as nullable. [C:\Users\yusuke.hasegawa\source\repos\CardBattleEngine\CardBattleEngine.Test\CardBattleEngine.Test.csproj]
C:\Users\yusuke.hasegawa\source\repos\CardBattleEngine\CardBattleEngine.Test\DebugLambaAction.cs(14,83): warning CS8618: Non-nullable field 'ResolveFunc' must contain a non-null value when exiting constructor. Consider adding the 'required' modifier or declaring the field as nullable. [C:\Users\yusuke.hasegawa\source\repos\CardBattleEngine\CardBattleEngine.Test\CardBattleEngine.Test.csproj]
C:\Users\yusuke.hasegawa\source\repos\CardBattleEngine\CardBattleEngine.Test\ControlActionTest.cs(63,7): warning CS0219: The variable 'count' is assigned but its value is never used [C:\Users\yusuke.hasegawa\source\repos\CardBattleEngine\CardBattleEngine.Test\CardBattleEngine.Test.csproj]
C:\Users\yusuke.hasegawa\source\repos\CardBattleEngine\CardBattleEngine.Test\HashTest.cs(97,22): warning CS8602: Dereference of a possibly null reference. [C:\Users\yusuke.hasegawa\source\repos\CardBattleEngine\CardBattleEngine.Test\CardBattleEngine.Test.csproj]
C:\Users\yusuke.hasegawa\source\repos\CardBattleEngine\CardBattleEngine.Test\WeaponTest.cs(75,22): warning CS8602: Dereference of a possibly null reference. [C:\Users\yusuke.hasegawa\source\repos\CardBattleEngine\CardBattleEngine.Test\CardBattleEngine.Test.csproj]
C:\Users\yusuke.hasegawa\source\repos\CardBattleEngine\CardBattleEngine.Test\DiscoverTests.cs(97,39): warning CS8602: Dereference of a possibly null reference. [C:\Users\yusuke.hasegawa\source\repos\CardBattleEngine\CardBattleEngine.Test\CardBattleEngine.Test.csproj]
C:\Users\yusuke.hasegawa\source\repos\CardBattleEngine\CardBattleEngine.Test\CloneTests.cs(210,29): warning CS8602: Dereference of a possibly null reference. [C:\Users\yusuke.hasegawa\source\repos\CardBattleEngine\CardBattleEngine.Test\CardBattleEngine.Test.csproj]
C:\Users\yusuke.hasegawa\source\repos\CardBattleEngine\CardBattleEngine.Test\CloneTests.cs(259,29): warning CS8602: Dereference of a possibly null reference. [C:\Users\yusuke.hasegawa\source\repos\CardBattleEngine\CardBattleEngine.Test\CardBattleEngine.Test.csproj]
C:\Users\yusuke.hasegawa\source\repos\CardBattleEngine\CardBattleEngine.Test\ControlActionTest.cs(143,7): warning CS0219: The variable 'count' is assigned but its value is never used [C:\Users\yusuke.hasegawa\source\repos\CardBattleEngine\CardBattleEngine.Test\CardBattleEngine.Test.csproj]
C:\Users\yusuke.hasegawa\source\repos\CardBattleEngine\GameRunner\MonteCarloModel.cs(62,12): warning CS8601: Possible null reference assignment. [C:\Users\yusuke.hasegawa\source\repos\CardBattleEngine\GameRunner\GameRunner.csproj]
C:\Users\yusuke.hasegawa\source\repos\CardBattleEngine\GameRunner\PocTestDriver.cs(224,16): warning CS8600: Converting null literal or possible null value to non-nullable type. [C:\Users\yusuke.hasegawa\source\repos\CardBattleEngine\GameRunner\GameRunner.csproj]
C:\Users\yusuke.hasegawa\source\repos\CardBattleEngine\GamePlayer\RemoteGameClient.cs(532,10): warning CS8603: Possible null reference return. [C:\Users\yusuke.hasegawa\source\repos\CardBattleEngine\GamePlayer\GamePlayer.csproj]
    58 Warning(s)
    0 Error(s)

Time Elapsed 00:00:11.89
