// Validating benchmarks:
// ***** BenchmarkRunner: Start   *****
// ***** Found 1 benchmark(s) in total *****
// ***** Building 1 exe(s) in Parallel: Start   *****
// ***** Done, took 00:00:00 (0.01 sec)   *****
// Found 1 benchmarks:
//   CardBattleEngineBenchmark.EngineIterateActions: Job-ERIHKH(Toolchain=InProcessNoEmitToolchain, IterationCount=15, LaunchCount=1, WarmupCount=3) [EntityCount=7, MaxDepth=4]

Setup power plan (GUID: 8c5e7fda-e8bf-4a96-9a85-a6e23a8c635c FriendlyName: High performance)
// **************************
// Benchmark: CardBattleEngineBenchmark.EngineIterateActions: Job-ERIHKH(Toolchain=InProcessNoEmitToolchain, IterationCount=15, LaunchCount=1, WarmupCount=3) [EntityCount=7, MaxDepth=4]
// *** Execute ***
// Launch: 1 / 1

// Benchmark Process Environment Information:
// BenchmarkDotNet v0.15.8
// Runtime=.NET 8.0.28 (8.0.28, 8.0.2826.26413), X64 RyuJIT x86-64-v3
// GC=Concurrent Workstation
// HardwareIntrinsics=AVX2+BMI1+BMI2+F16C+FMA+LZCNT+MOVBE,AVX,SSE3+SSSE3+SSE4.1+SSE4.2+POPCNT,X86Base+SSE+SSE2,AES+PCLMUL,AvxVnni,SERIALIZE VectorSize=256
// Job: Job-ERIHKH(Toolchain=InProcessNoEmitToolchain, IterationCount=15, LaunchCount=1, WarmupCount=3)

OverheadJitting  1: 1 op, 94400.00 ns, 94.4000 us/op
WorkloadJitting  1: 1 op, 642078200.00 ns, 642.0782 ms/op

OverheadJitting  2: 1 op, 300.00 ns, 300.0000 ns/op
WorkloadJitting  2: 1 op, 326048200.00 ns, 326.0482 ms/op

WorkloadPilot    1: 2 op, 314155400.00 ns, 157.0777 ms/op
WorkloadPilot    2: 3 op, 572086700.00 ns, 190.6956 ms/op

WorkloadWarmup   1: 3 op, 536777500.00 ns, 178.9258 ms/op
WorkloadWarmup   2: 3 op, 654905900.00 ns, 218.3020 ms/op
WorkloadWarmup   3: 3 op, 584218100.00 ns, 194.7394 ms/op

WorkloadActual   1: 3 op, 646587500.00 ns, 215.5292 ms/op
WorkloadActual   2: 3 op, 661386300.00 ns, 220.4621 ms/op
WorkloadActual   3: 3 op, 625440900.00 ns, 208.4803 ms/op
WorkloadActual   4: 3 op, 508055900.00 ns, 169.3520 ms/op
WorkloadActual   5: 3 op, 648748300.00 ns, 216.2494 ms/op
WorkloadActual   6: 3 op, 574636500.00 ns, 191.5455 ms/op
WorkloadActual   7: 3 op, 556832300.00 ns, 185.6108 ms/op
WorkloadActual   8: 3 op, 577601600.00 ns, 192.5339 ms/op
WorkloadActual   9: 3 op, 569840600.00 ns, 189.9469 ms/op
WorkloadActual  10: 3 op, 631769200.00 ns, 210.5897 ms/op
WorkloadActual  11: 3 op, 508405400.00 ns, 169.4685 ms/op
WorkloadActual  12: 3 op, 549100500.00 ns, 183.0335 ms/op
WorkloadActual  13: 3 op, 496501800.00 ns, 165.5006 ms/op
WorkloadActual  14: 3 op, 528206100.00 ns, 176.0687 ms/op
WorkloadActual  15: 3 op, 491522100.00 ns, 163.8407 ms/op

WorkloadResult   1: 3 op, 646587500.00 ns, 215.5292 ms/op
WorkloadResult   2: 3 op, 661386300.00 ns, 220.4621 ms/op
WorkloadResult   3: 3 op, 625440900.00 ns, 208.4803 ms/op
WorkloadResult   4: 3 op, 508055900.00 ns, 169.3520 ms/op
WorkloadResult   5: 3 op, 648748300.00 ns, 216.2494 ms/op
WorkloadResult   6: 3 op, 574636500.00 ns, 191.5455 ms/op
WorkloadResult   7: 3 op, 556832300.00 ns, 185.6108 ms/op
WorkloadResult   8: 3 op, 577601600.00 ns, 192.5339 ms/op
WorkloadResult   9: 3 op, 569840600.00 ns, 189.9469 ms/op
WorkloadResult  10: 3 op, 631769200.00 ns, 210.5897 ms/op
WorkloadResult  11: 3 op, 508405400.00 ns, 169.4685 ms/op
WorkloadResult  12: 3 op, 549100500.00 ns, 183.0335 ms/op
WorkloadResult  13: 3 op, 496501800.00 ns, 165.5006 ms/op
WorkloadResult  14: 3 op, 528206100.00 ns, 176.0687 ms/op
WorkloadResult  15: 3 op, 491522100.00 ns, 163.8407 ms/op


Mean = 190.547 ms, StdErr = 5.086 ms (2.67%), N = 15, StdDev = 19.699 ms
Min = 163.841 ms, Q1 = 172.769 ms, Median = 189.947 ms, Q3 = 209.535 ms, Max = 220.462 ms
IQR = 36.766 ms, LowerFence = 117.619 ms, UpperFence = 264.685 ms
ConfidenceInterval = [169.488 ms; 211.607 ms] (CI 99.9%), Margin = 21.060 ms (11.05% of Mean)
Skewness = 0.14, Kurtosis = 1.43, MValue = 3.67

// ** Remained 0 (0.0%) benchmark(s) to run. Estimated finish 2026-09-09 16:39 (0h 0m from now) **
Successfully reverted power plan (GUID: 381b4222-f694-41f0-9685-ff5bb260df2e FriendlyName: Balanced)
// ***** BenchmarkRunner: Finish  *****

// * Export *
  BenchmarkDotNet.Artifacts\results\MyBenchmarks.CardBattleEngineBenchmark-report.csv
  BenchmarkDotNet.Artifacts\results\MyBenchmarks.CardBattleEngineBenchmark-report-github.md
  BenchmarkDotNet.Artifacts\results\MyBenchmarks.CardBattleEngineBenchmark-report.html

// * Detailed results *
CardBattleEngineBenchmark.EngineIterateActions: Job-ERIHKH(Toolchain=InProcessNoEmitToolchain, IterationCount=15, LaunchCount=1, WarmupCount=3) [EntityCount=7, MaxDepth=4]
Runtime = ; GC = 
Mean = 190.547 ms, StdErr = 5.086 ms (2.67%), N = 15, StdDev = 19.699 ms
Min = 163.841 ms, Q1 = 172.769 ms, Median = 189.947 ms, Q3 = 209.535 ms, Max = 220.462 ms
IQR = 36.766 ms, LowerFence = 117.619 ms, UpperFence = 264.685 ms
ConfidenceInterval = [169.488 ms; 211.607 ms] (CI 99.9%), Margin = 21.060 ms (11.05% of Mean)
Skewness = 0.14, Kurtosis = 1.43, MValue = 3.67
-------------------- Histogram --------------------
[153.357 ms ; 173.818 ms) | @@@@
[173.818 ms ; 194.785 ms) | @@@@@@
[194.785 ms ; 203.987 ms) | 
[203.987 ms ; 224.955 ms) | @@@@@
---------------------------------------------------

// * Summary *

BenchmarkDotNet v0.15.8, Windows 11 (10.0.26200.9445/25H2/2025Update/HudsonValley2)
Intel Core Ultra 7 165H 1.40GHz, 1 CPU, 22 logical and 16 physical cores
.NET SDK 10.0.301
  [Host] : .NET 8.0.28 (8.0.28, 8.0.2826.26413), X64 RyuJIT x86-64-v3

Toolchain=InProcessNoEmitToolchain  IterationCount=15  LaunchCount=1  
WarmupCount=3  

| Method               | EntityCount | MaxDepth | Mean     | Error    | StdDev   |
|--------------------- |------------ |--------- |---------:|---------:|---------:|
| EngineIterateActions | 7           | 4        | 190.5 ms | 21.06 ms | 19.70 ms |

// * Warnings *
MultimodalDistribution
  CardBattleEngineBenchmark.EngineIterateActions: Toolchain=InProcessNoEmitToolchain, IterationCount=15, LaunchCount=1, WarmupCount=3 -> It seems that the distribution is bimodal (mValue = 3.67)

// * Legends *
  EntityCount : Value of the 'EntityCount' parameter
  MaxDepth    : Value of the 'MaxDepth' parameter
  Mean        : Arithmetic mean of all measurements
  Error       : Half of 99.9% confidence interval
  StdDev      : Standard deviation of all measurements
  1 ms        : 1 Millisecond (0.001 sec)

// ***** BenchmarkRunner: End *****
Run time: 00:00:13 (13.35 sec), executed benchmarks: 1

Global total time: 00:00:15 (15.45 sec), executed benchmarks: 1
// * Artifacts cleanup *
Artifacts cleanup is finished
