// Validating benchmarks:
// ***** BenchmarkRunner: Start   *****
// ***** Found 1 benchmark(s) in total *****
// ***** Building 1 exe(s) in Parallel: Start   *****
// ***** Done, took 00:00:00 (0.03 sec)   *****
// Found 1 benchmarks:
//   CardBattleEngineBenchmark.EngineIterateActions: Job-ERIHKH(Toolchain=InProcessNoEmitToolchain, IterationCount=15, LaunchCount=1, WarmupCount=3) [EntityCount=7, MaxDepth=4]

Setup power plan (GUID: 8c5e7fda-e8bf-4a96-9a85-a6e23a8c635c FriendlyName: High performance)
// **************************
// Benchmark: CardBattleEngineBenchmark.EngineIterateActions: Job-ERIHKH(Toolchain=InProcessNoEmitToolchain, IterationCount=15, LaunchCount=1, WarmupCount=3) [EntityCount=7, MaxDepth=4]
// *** Execute ***
// Launch: 1 / 1

// Benchmark Process Environment Information:
// BenchmarkDotNet v0.15.8
// Runtime=.NET 8.0.28 (8.0.28, 8.0.2826.26413), X64 RyuJIT x86-64-v3
// GC=Concurrent Workstation
// HardwareIntrinsics=AVX2+BMI1+BMI2+F16C+FMA+LZCNT+MOVBE,AVX,SSE3+SSSE3+SSE4.1+SSE4.2+POPCNT,X86Base+SSE+SSE2,AES+PCLMUL,AvxVnni,SERIALIZE VectorSize=256
// Job: Job-ERIHKH(Toolchain=InProcessNoEmitToolchain, IterationCount=15, LaunchCount=1, WarmupCount=3)

OverheadJitting  1: 1 op, 112600.00 ns, 112.6000 us/op
WorkloadJitting  1: 1 op, 703623800.00 ns, 703.6238 ms/op

OverheadJitting  2: 1 op, 700.00 ns, 700.0000 ns/op
WorkloadJitting  2: 1 op, 348965800.00 ns, 348.9658 ms/op

WorkloadWarmup   1: 1 op, 185350100.00 ns, 185.3501 ms/op
WorkloadWarmup   2: 1 op, 193690500.00 ns, 193.6905 ms/op
WorkloadWarmup   3: 1 op, 176472500.00 ns, 176.4725 ms/op

WorkloadActual   1: 1 op, 171780700.00 ns, 171.7807 ms/op
WorkloadActual   2: 1 op, 184582400.00 ns, 184.5824 ms/op
WorkloadActual   3: 1 op, 208524500.00 ns, 208.5245 ms/op
WorkloadActual   4: 1 op, 218861600.00 ns, 218.8616 ms/op
WorkloadActual   5: 1 op, 208596800.00 ns, 208.5968 ms/op
WorkloadActual   6: 1 op, 189608100.00 ns, 189.6081 ms/op
WorkloadActual   7: 1 op, 186521600.00 ns, 186.5216 ms/op
WorkloadActual   8: 1 op, 207183600.00 ns, 207.1836 ms/op
WorkloadActual   9: 1 op, 208704500.00 ns, 208.7045 ms/op
WorkloadActual  10: 1 op, 199392300.00 ns, 199.3923 ms/op
WorkloadActual  11: 1 op, 173173100.00 ns, 173.1731 ms/op
WorkloadActual  12: 1 op, 177340600.00 ns, 177.3406 ms/op
WorkloadActual  13: 1 op, 171649000.00 ns, 171.6490 ms/op
WorkloadActual  14: 1 op, 175525700.00 ns, 175.5257 ms/op
WorkloadActual  15: 1 op, 190847100.00 ns, 190.8471 ms/op

WorkloadResult   1: 1 op, 171780700.00 ns, 171.7807 ms/op
WorkloadResult   2: 1 op, 184582400.00 ns, 184.5824 ms/op
WorkloadResult   3: 1 op, 208524500.00 ns, 208.5245 ms/op
WorkloadResult   4: 1 op, 218861600.00 ns, 218.8616 ms/op
WorkloadResult   5: 1 op, 208596800.00 ns, 208.5968 ms/op
WorkloadResult   6: 1 op, 189608100.00 ns, 189.6081 ms/op
WorkloadResult   7: 1 op, 186521600.00 ns, 186.5216 ms/op
WorkloadResult   8: 1 op, 207183600.00 ns, 207.1836 ms/op
WorkloadResult   9: 1 op, 208704500.00 ns, 208.7045 ms/op
WorkloadResult  10: 1 op, 199392300.00 ns, 199.3923 ms/op
WorkloadResult  11: 1 op, 173173100.00 ns, 173.1731 ms/op
WorkloadResult  12: 1 op, 177340600.00 ns, 177.3406 ms/op
WorkloadResult  13: 1 op, 171649000.00 ns, 171.6490 ms/op
WorkloadResult  14: 1 op, 175525700.00 ns, 175.5257 ms/op
WorkloadResult  15: 1 op, 190847100.00 ns, 190.8471 ms/op


Mean = 191.486 ms, StdErr = 4.132 ms (2.16%), N = 15, StdDev = 16.005 ms
Min = 171.649 ms, Q1 = 176.433 ms, Median = 189.608 ms, Q3 = 207.854 ms, Max = 218.862 ms
IQR = 31.421 ms, LowerFence = 129.302 ms, UpperFence = 254.985 ms
ConfidenceInterval = [174.376 ms; 208.596 ms] (CI 99.9%), Margin = 17.110 ms (8.94% of Mean)
Skewness = 0.18, Kurtosis = 1.43, MValue = 2.86

// ** Remained 0 (0.0%) benchmark(s) to run. Estimated finish 2026-09-09 16:39 (0h 0m from now) **
Successfully reverted power plan (GUID: 381b4222-f694-41f0-9685-ff5bb260df2e FriendlyName: Balanced)
// ***** BenchmarkRunner: Finish  *****

// * Export *
  BenchmarkDotNet.Artifacts\results\MyBenchmarks.CardBattleEngineBenchmark-report.csv
  BenchmarkDotNet.Artifacts\results\MyBenchmarks.CardBattleEngineBenchmark-report-github.md
  BenchmarkDotNet.Artifacts\results\MyBenchmarks.CardBattleEngineBenchmark-report.html

// * Detailed results *
CardBattleEngineBenchmark.EngineIterateActions: Job-ERIHKH(Toolchain=InProcessNoEmitToolchain, IterationCount=15, LaunchCount=1, WarmupCount=3) [EntityCount=7, MaxDepth=4]
Runtime = ; GC = 
Mean = 191.486 ms, StdErr = 4.132 ms (2.16%), N = 15, StdDev = 16.005 ms
Min = 171.649 ms, Q1 = 176.433 ms, Median = 189.608 ms, Q3 = 207.854 ms, Max = 218.862 ms
IQR = 31.421 ms, LowerFence = 129.302 ms, UpperFence = 254.985 ms
ConfidenceInterval = [174.376 ms; 208.596 ms] (CI 99.9%), Margin = 17.110 ms (8.94% of Mean)
Skewness = 0.18, Kurtosis = 1.43, MValue = 2.86
-------------------- Histogram --------------------
[170.568 ms ; 187.603 ms) | @@@@@@@
[187.603 ms ; 195.531 ms) | @@
[195.531 ms ; 212.566 ms) | @@@@@
[212.566 ms ; 227.379 ms) | @
---------------------------------------------------

// * Summary *

BenchmarkDotNet v0.15.8, Windows 11 (10.0.26200.9445/25H2/2025Update/HudsonValley2)
Intel Core Ultra 7 165H 1.40GHz, 1 CPU, 22 logical and 16 physical cores
.NET SDK 10.0.301
  [Host] : .NET 8.0.28 (8.0.28, 8.0.2826.26413), X64 RyuJIT x86-64-v3

Toolchain=InProcessNoEmitToolchain  IterationCount=15  LaunchCount=1  
WarmupCount=3  

| Method               | EntityCount | MaxDepth | Mean     | Error    | StdDev   |
|--------------------- |------------ |--------- |---------:|---------:|---------:|
| EngineIterateActions | 7           | 4        | 191.5 ms | 17.11 ms | 16.00 ms |

// * Warnings *
MultimodalDistribution
  CardBattleEngineBenchmark.EngineIterateActions: Toolchain=InProcessNoEmitToolchain, IterationCount=15, LaunchCount=1, WarmupCount=3 -> It seems that the distribution can have several modes (mValue = 2.86)

// * Legends *
  EntityCount : Value of the 'EntityCount' parameter
  MaxDepth    : Value of the 'MaxDepth' parameter
  Mean        : Arithmetic mean of all measurements
  Error       : Half of 99.9% confidence interval
  StdDev      : Standard deviation of all measurements
  1 ms        : 1 Millisecond (0.001 sec)

// ***** BenchmarkRunner: End *****
Run time: 00:00:05 (5.81 sec), executed benchmarks: 1

Global total time: 00:00:08 (8.18 sec), executed benchmarks: 1
// * Artifacts cleanup *
Artifacts cleanup is finished
