// Validating benchmarks:
// ***** BenchmarkRunner: Start   *****
// ***** Found 1 benchmark(s) in total *****
// ***** Building 1 exe(s) in Parallel: Start   *****
// ***** Done, took 00:00:00 (0.01 sec)   *****
// Found 1 benchmarks:
//   CardBattleEngineBenchmark.EngineIterateActions: Job-ERIHKH(Toolchain=InProcessNoEmitToolchain, IterationCount=15, LaunchCount=1, WarmupCount=3) [EntityCount=7, MaxDepth=4]

Setup power plan (GUID: 8c5e7fda-e8bf-4a96-9a85-a6e23a8c635c FriendlyName: High performance)
// **************************
// Benchmark: CardBattleEngineBenchmark.EngineIterateActions: Job-ERIHKH(Toolchain=InProcessNoEmitToolchain, IterationCount=15, LaunchCount=1, WarmupCount=3) [EntityCount=7, MaxDepth=4]
// *** Execute ***
// Launch: 1 / 1

// Benchmark Process Environment Information:
// BenchmarkDotNet v0.15.8
// Runtime=.NET 8.0.28 (8.0.28, 8.0.2826.26413), X64 RyuJIT x86-64-v3
// GC=Concurrent Workstation
// HardwareIntrinsics=AVX2+BMI1+BMI2+F16C+FMA+LZCNT+MOVBE,AVX,SSE3+SSSE3+SSE4.1+SSE4.2+POPCNT,X86Base+SSE+SSE2,AES+PCLMUL,AvxVnni,SERIALIZE VectorSize=256
// Job: Job-ERIHKH(Toolchain=InProcessNoEmitToolchain, IterationCount=15, LaunchCount=1, WarmupCount=3)

OverheadJitting  1: 1 op, 88600.00 ns, 88.6000 us/op
WorkloadJitting  1: 1 op, 661849600.00 ns, 661.8496 ms/op

OverheadJitting  2: 1 op, 500.00 ns, 500.0000 ns/op
WorkloadJitting  2: 1 op, 351462200.00 ns, 351.4622 ms/op

WorkloadWarmup   1: 1 op, 169138300.00 ns, 169.1383 ms/op
WorkloadWarmup   2: 1 op, 176232200.00 ns, 176.2322 ms/op
WorkloadWarmup   3: 1 op, 200901900.00 ns, 200.9019 ms/op

WorkloadActual   1: 1 op, 195505600.00 ns, 195.5056 ms/op
WorkloadActual   2: 1 op, 189592000.00 ns, 189.5920 ms/op
WorkloadActual   3: 1 op, 178991900.00 ns, 178.9919 ms/op
WorkloadActual   4: 1 op, 206734600.00 ns, 206.7346 ms/op
WorkloadActual   5: 1 op, 163842700.00 ns, 163.8427 ms/op
WorkloadActual   6: 1 op, 179749300.00 ns, 179.7493 ms/op
WorkloadActual   7: 1 op, 187511500.00 ns, 187.5115 ms/op
WorkloadActual   8: 1 op, 165784600.00 ns, 165.7846 ms/op
WorkloadActual   9: 1 op, 213728800.00 ns, 213.7288 ms/op
WorkloadActual  10: 1 op, 176711200.00 ns, 176.7112 ms/op
WorkloadActual  11: 1 op, 165109300.00 ns, 165.1093 ms/op
WorkloadActual  12: 1 op, 171187700.00 ns, 171.1877 ms/op
WorkloadActual  13: 1 op, 171583800.00 ns, 171.5838 ms/op
WorkloadActual  14: 1 op, 175115400.00 ns, 175.1154 ms/op
WorkloadActual  15: 1 op, 181358000.00 ns, 181.3580 ms/op

WorkloadResult   1: 1 op, 195505600.00 ns, 195.5056 ms/op
WorkloadResult   2: 1 op, 189592000.00 ns, 189.5920 ms/op
WorkloadResult   3: 1 op, 178991900.00 ns, 178.9919 ms/op
WorkloadResult   4: 1 op, 206734600.00 ns, 206.7346 ms/op
WorkloadResult   5: 1 op, 163842700.00 ns, 163.8427 ms/op
WorkloadResult   6: 1 op, 179749300.00 ns, 179.7493 ms/op
WorkloadResult   7: 1 op, 187511500.00 ns, 187.5115 ms/op
WorkloadResult   8: 1 op, 165784600.00 ns, 165.7846 ms/op
WorkloadResult   9: 1 op, 213728800.00 ns, 213.7288 ms/op
WorkloadResult  10: 1 op, 176711200.00 ns, 176.7112 ms/op
WorkloadResult  11: 1 op, 165109300.00 ns, 165.1093 ms/op
WorkloadResult  12: 1 op, 171187700.00 ns, 171.1877 ms/op
WorkloadResult  13: 1 op, 171583800.00 ns, 171.5838 ms/op
WorkloadResult  14: 1 op, 175115400.00 ns, 175.1154 ms/op
WorkloadResult  15: 1 op, 181358000.00 ns, 181.3580 ms/op
// GC:  31 10 0 399601584 1
// Threading:  0 0 1


Mean = 181.500 ms, StdErr = 3.829 ms (2.11%), N = 15, StdDev = 14.829 ms
Min = 163.843 ms, Q1 = 171.386 ms, Median = 178.992 ms, Q3 = 188.552 ms, Max = 213.729 ms
IQR = 17.166 ms, LowerFence = 145.637 ms, UpperFence = 214.301 ms
ConfidenceInterval = [165.648 ms; 197.353 ms] (CI 99.9%), Margin = 15.853 ms (8.73% of Mean)
Skewness = 0.75, Kurtosis = 2.46, MValue = 2.5

// ** Remained 0 (0.0%) benchmark(s) to run. Estimated finish 2026-09-09 16:54 (0h 0m from now) **
Successfully reverted power plan (GUID: 381b4222-f694-41f0-9685-ff5bb260df2e FriendlyName: Balanced)
// ***** BenchmarkRunner: Finish  *****

// * Export *
  BenchmarkDotNet.Artifacts\results\MyBenchmarks.CardBattleEngineBenchmark-report.csv
  BenchmarkDotNet.Artifacts\results\MyBenchmarks.CardBattleEngineBenchmark-report-github.md
  BenchmarkDotNet.Artifacts\results\MyBenchmarks.CardBattleEngineBenchmark-report.html

// * Detailed results *
CardBattleEngineBenchmark.EngineIterateActions: Job-ERIHKH(Toolchain=InProcessNoEmitToolchain, IterationCount=15, LaunchCount=1, WarmupCount=3) [EntityCount=7, MaxDepth=4]
Runtime = ; GC = 
Mean = 181.500 ms, StdErr = 3.829 ms (2.11%), N = 15, StdDev = 14.829 ms
Min = 163.843 ms, Q1 = 171.386 ms, Median = 178.992 ms, Q3 = 188.552 ms, Max = 213.729 ms
IQR = 17.166 ms, LowerFence = 145.637 ms, UpperFence = 214.301 ms
ConfidenceInterval = [165.648 ms; 197.353 ms] (CI 99.9%), Margin = 15.853 ms (8.73% of Mean)
Skewness = 0.75, Kurtosis = 2.46, MValue = 2.5
-------------------- Histogram --------------------
[155.951 ms ; 164.538 ms) | @
[164.538 ms ; 180.321 ms) | @@@@@@@@
[180.321 ms ; 196.323 ms) | @@@@
[196.323 ms ; 202.340 ms) | 
[202.340 ms ; 218.123 ms) | @@
---------------------------------------------------

// * Summary *

BenchmarkDotNet v0.15.8, Windows 11 (10.0.26200.9445/25H2/2025Update/HudsonValley2)
Intel Core Ultra 7 165H 1.40GHz, 1 CPU, 22 logical and 16 physical cores
.NET SDK 10.0.301
  [Host] : .NET 8.0.28 (8.0.28, 8.0.2826.26413), X64 RyuJIT x86-64-v3

Toolchain=InProcessNoEmitToolchain  IterationCount=15  LaunchCount=1  
WarmupCount=3  

| Method               | EntityCount | MaxDepth | Mean     | Error    | StdDev   | Gen0       | Gen1       | Allocated |
|--------------------- |------------ |--------- |---------:|---------:|---------:|-----------:|-----------:|----------:|
| EngineIterateActions | 7           | 4        | 181.5 ms | 15.85 ms | 14.83 ms | 31000.0000 | 10000.0000 | 381.09 MB |

// * Legends *
  EntityCount : Value of the 'EntityCount' parameter
  MaxDepth    : Value of the 'MaxDepth' parameter
  Mean        : Arithmetic mean of all measurements
  Error       : Half of 99.9% confidence interval
  StdDev      : Standard deviation of all measurements
  Gen0        : GC Generation 0 collects per 1000 operations
  Gen1        : GC Generation 1 collects per 1000 operations
  Allocated   : Allocated memory per single operation (managed only, inclusive, 1KB = 1024B)
  1 ms        : 1 Millisecond (0.001 sec)

// * Diagnostic Output - MemoryDiagnoser *


// ***** BenchmarkRunner: End *****
Run time: 00:00:05 (5.34 sec), executed benchmarks: 1

Global total time: 00:00:07 (7.31 sec), executed benchmarks: 1
// * Artifacts cleanup *
Artifacts cleanup is finished
