// Validating benchmarks:
// ***** BenchmarkRunner: Start   *****
// ***** Found 1 benchmark(s) in total *****
// ***** Building 1 exe(s) in Parallel: Start   *****
// ***** Done, took 00:00:00 (0.02 sec)   *****
// Found 1 benchmarks:
//   CardBattleEngineBenchmark.EngineIterateActions: Job-ERIHKH(Toolchain=InProcessNoEmitToolchain, IterationCount=15, LaunchCount=1, WarmupCount=3) [EntityCount=7, MaxDepth=4]

Setup power plan (GUID: 8c5e7fda-e8bf-4a96-9a85-a6e23a8c635c FriendlyName: High performance)
// **************************
// Benchmark: CardBattleEngineBenchmark.EngineIterateActions: Job-ERIHKH(Toolchain=InProcessNoEmitToolchain, IterationCount=15, LaunchCount=1, WarmupCount=3) [EntityCount=7, MaxDepth=4]
// *** Execute ***
// Launch: 1 / 1

// Benchmark Process Environment Information:
// BenchmarkDotNet v0.15.8
// Runtime=.NET 8.0.28 (8.0.28, 8.0.2826.26413), X64 RyuJIT x86-64-v3
// GC=Concurrent Workstation
// HardwareIntrinsics=AVX2+BMI1+BMI2+F16C+FMA+LZCNT+MOVBE,AVX,SSE3+SSSE3+SSE4.1+SSE4.2+POPCNT,X86Base+SSE+SSE2,AES+PCLMUL,AvxVnni,SERIALIZE VectorSize=256
// Job: Job-ERIHKH(Toolchain=InProcessNoEmitToolchain, IterationCount=15, LaunchCount=1, WarmupCount=3)

OverheadJitting  1: 1 op, 107800.00 ns, 107.8000 us/op
WorkloadJitting  1: 1 op, 710320200.00 ns, 710.3202 ms/op

OverheadJitting  2: 1 op, 700.00 ns, 700.0000 ns/op
WorkloadJitting  2: 1 op, 413287600.00 ns, 413.2876 ms/op

WorkloadWarmup   1: 1 op, 270408500.00 ns, 270.4085 ms/op
WorkloadWarmup   2: 1 op, 227112500.00 ns, 227.1125 ms/op
WorkloadWarmup   3: 1 op, 229070000.00 ns, 229.0700 ms/op

WorkloadActual   1: 1 op, 239534400.00 ns, 239.5344 ms/op
WorkloadActual   2: 1 op, 245736400.00 ns, 245.7364 ms/op
WorkloadActual   3: 1 op, 266449200.00 ns, 266.4492 ms/op
WorkloadActual   4: 1 op, 212856500.00 ns, 212.8565 ms/op
WorkloadActual   5: 1 op, 298593600.00 ns, 298.5936 ms/op
WorkloadActual   6: 1 op, 237418800.00 ns, 237.4188 ms/op
WorkloadActual   7: 1 op, 273433100.00 ns, 273.4331 ms/op
WorkloadActual   8: 1 op, 270803200.00 ns, 270.8032 ms/op
WorkloadActual   9: 1 op, 253630400.00 ns, 253.6304 ms/op
WorkloadActual  10: 1 op, 243879700.00 ns, 243.8797 ms/op
WorkloadActual  11: 1 op, 277730600.00 ns, 277.7306 ms/op
WorkloadActual  12: 1 op, 195270700.00 ns, 195.2707 ms/op
WorkloadActual  13: 1 op, 194480300.00 ns, 194.4803 ms/op
WorkloadActual  14: 1 op, 216958700.00 ns, 216.9587 ms/op
WorkloadActual  15: 1 op, 292001400.00 ns, 292.0014 ms/op

WorkloadResult   1: 1 op, 239534400.00 ns, 239.5344 ms/op
WorkloadResult   2: 1 op, 245736400.00 ns, 245.7364 ms/op
WorkloadResult   3: 1 op, 266449200.00 ns, 266.4492 ms/op
WorkloadResult   4: 1 op, 212856500.00 ns, 212.8565 ms/op
WorkloadResult   5: 1 op, 298593600.00 ns, 298.5936 ms/op
WorkloadResult   6: 1 op, 237418800.00 ns, 237.4188 ms/op
WorkloadResult   7: 1 op, 273433100.00 ns, 273.4331 ms/op
WorkloadResult   8: 1 op, 270803200.00 ns, 270.8032 ms/op
WorkloadResult   9: 1 op, 253630400.00 ns, 253.6304 ms/op
WorkloadResult  10: 1 op, 243879700.00 ns, 243.8797 ms/op
WorkloadResult  11: 1 op, 277730600.00 ns, 277.7306 ms/op
WorkloadResult  12: 1 op, 195270700.00 ns, 195.2707 ms/op
WorkloadResult  13: 1 op, 194480300.00 ns, 194.4803 ms/op
WorkloadResult  14: 1 op, 216958700.00 ns, 216.9587 ms/op
WorkloadResult  15: 1 op, 292001400.00 ns, 292.0014 ms/op


Mean = 247.918 ms, StdErr = 8.442 ms (3.41%), N = 15, StdDev = 32.697 ms
Min = 194.480 ms, Q1 = 227.189 ms, Median = 245.736 ms, Q3 = 272.118 ms, Max = 298.594 ms
IQR = 44.929 ms, LowerFence = 159.795 ms, UpperFence = 339.512 ms
ConfidenceInterval = [212.963 ms; 282.874 ms] (CI 99.9%), Margin = 34.955 ms (14.10% of Mean)
Skewness = -0.18, Kurtosis = 1.77, MValue = 3.14

// ** Remained 0 (0.0%) benchmark(s) to run. Estimated finish 2026-09-09 16:42 (0h 0m from now) **
Successfully reverted power plan (GUID: 381b4222-f694-41f0-9685-ff5bb260df2e FriendlyName: Balanced)
// ***** BenchmarkRunner: Finish  *****

// * Export *
  BenchmarkDotNet.Artifacts\results\MyBenchmarks.CardBattleEngineBenchmark-report.csv
  BenchmarkDotNet.Artifacts\results\MyBenchmarks.CardBattleEngineBenchmark-report-github.md
  BenchmarkDotNet.Artifacts\results\MyBenchmarks.CardBattleEngineBenchmark-report.html

// * Detailed results *
CardBattleEngineBenchmark.EngineIterateActions: Job-ERIHKH(Toolchain=InProcessNoEmitToolchain, IterationCount=15, LaunchCount=1, WarmupCount=3) [EntityCount=7, MaxDepth=4]
Runtime = ; GC = 
Mean = 247.918 ms, StdErr = 8.442 ms (3.41%), N = 15, StdDev = 32.697 ms
Min = 194.480 ms, Q1 = 227.189 ms, Median = 245.736 ms, Q3 = 272.118 ms, Max = 298.594 ms
IQR = 44.929 ms, LowerFence = 159.795 ms, UpperFence = 339.512 ms
ConfidenceInterval = [212.963 ms; 282.874 ms] (CI 99.9%), Margin = 34.955 ms (14.10% of Mean)
Skewness = -0.18, Kurtosis = 1.77, MValue = 3.14
-------------------- Histogram --------------------
[188.318 ms ; 223.121 ms) | @@@@
[223.121 ms ; 236.710 ms) | 
[236.710 ms ; 271.512 ms) | @@@@@@@
[271.512 ms ; 303.415 ms) | @@@@
---------------------------------------------------

// * Summary *

BenchmarkDotNet v0.15.8, Windows 11 (10.0.26200.9445/25H2/2025Update/HudsonValley2)
Intel Core Ultra 7 165H 1.40GHz, 1 CPU, 22 logical and 16 physical cores
.NET SDK 10.0.301
  [Host] : .NET 8.0.28 (8.0.28, 8.0.2826.26413), X64 RyuJIT x86-64-v3

Toolchain=InProcessNoEmitToolchain  IterationCount=15  LaunchCount=1  
WarmupCount=3  

| Method               | EntityCount | MaxDepth | Mean     | Error    | StdDev   |
|--------------------- |------------ |--------- |---------:|---------:|---------:|
| EngineIterateActions | 7           | 4        | 247.9 ms | 34.96 ms | 32.70 ms |

// * Warnings *
MultimodalDistribution
  CardBattleEngineBenchmark.EngineIterateActions: Toolchain=InProcessNoEmitToolchain, IterationCount=15, LaunchCount=1, WarmupCount=3 -> It seems that the distribution can have several modes (mValue = 3.14)

// * Legends *
  EntityCount : Value of the 'EntityCount' parameter
  MaxDepth    : Value of the 'MaxDepth' parameter
  Mean        : Arithmetic mean of all measurements
  Error       : Half of 99.9% confidence interval
  StdDev      : Standard deviation of all measurements
  1 ms        : 1 Millisecond (0.001 sec)

// ***** BenchmarkRunner: End *****
Run time: 00:00:07 (7.25 sec), executed benchmarks: 1

Global total time: 00:00:09 (9.27 sec), executed benchmarks: 1
// * Artifacts cleanup *
Artifacts cleanup is finished
