// Validating benchmarks:
// ***** BenchmarkRunner: Start   *****
// ***** Found 1 benchmark(s) in total *****
// ***** Building 1 exe(s) in Parallel: Start   *****
// ***** Done, took 00:00:00 (0.01 sec)   *****
// Found 1 benchmarks:
//   CardBattleEngineBenchmark.EngineIterateActions: Job-ERIHKH(Toolchain=InProcessNoEmitToolchain, IterationCount=15, LaunchCount=1, WarmupCount=3) [EntityCount=7, MaxDepth=4]

Setup power plan (GUID: 8c5e7fda-e8bf-4a96-9a85-a6e23a8c635c FriendlyName: High performance)
// **************************
// Benchmark: CardBattleEngineBenchmark.EngineIterateActions: Job-ERIHKH(Toolchain=InProcessNoEmitToolchain, IterationCount=15, LaunchCount=1, WarmupCount=3) [EntityCount=7, MaxDepth=4]
// *** Execute ***
// Launch: 1 / 1

// Benchmark Process Environment Information:
// BenchmarkDotNet v0.15.8
// Runtime=.NET 8.0.28 (8.0.28, 8.0.2826.26413), X64 RyuJIT x86-64-v3
// GC=Concurrent Workstation
// HardwareIntrinsics=AVX2+BMI1+BMI2+F16C+FMA+LZCNT+MOVBE,AVX,SSE3+SSSE3+SSE4.1+SSE4.2+POPCNT,X86Base+SSE+SSE2,AES+PCLMUL,AvxVnni,SERIALIZE VectorSize=256
// Job: Job-ERIHKH(Toolchain=InProcessNoEmitToolchain, IterationCount=15, LaunchCount=1, WarmupCount=3)

OverheadJitting  1: 1 op, 86700.00 ns, 86.7000 us/op
WorkloadJitting  1: 1 op, 713278300.00 ns, 713.2783 ms/op

OverheadJitting  2: 1 op, 800.00 ns, 800.0000 ns/op
WorkloadJitting  2: 1 op, 317535100.00 ns, 317.5351 ms/op

WorkloadPilot    1: 2 op, 531884800.00 ns, 265.9424 ms/op

WorkloadWarmup   1: 2 op, 382168400.00 ns, 191.0842 ms/op
WorkloadWarmup   2: 2 op, 350546400.00 ns, 175.2732 ms/op
WorkloadWarmup   3: 2 op, 440783300.00 ns, 220.3917 ms/op

WorkloadActual   1: 2 op, 387241000.00 ns, 193.6205 ms/op
WorkloadActual   2: 2 op, 402941100.00 ns, 201.4706 ms/op
WorkloadActual   3: 2 op, 363894700.00 ns, 181.9474 ms/op
WorkloadActual   4: 2 op, 332555800.00 ns, 166.2779 ms/op
WorkloadActual   5: 2 op, 373813200.00 ns, 186.9066 ms/op
WorkloadActual   6: 2 op, 336395700.00 ns, 168.1979 ms/op
WorkloadActual   7: 2 op, 341975000.00 ns, 170.9875 ms/op
WorkloadActual   8: 2 op, 409431400.00 ns, 204.7157 ms/op
WorkloadActual   9: 2 op, 361530900.00 ns, 180.7655 ms/op
WorkloadActual  10: 2 op, 371572000.00 ns, 185.7860 ms/op
WorkloadActual  11: 2 op, 357959500.00 ns, 178.9798 ms/op
WorkloadActual  12: 2 op, 349374700.00 ns, 174.6874 ms/op
WorkloadActual  13: 2 op, 383852500.00 ns, 191.9263 ms/op
WorkloadActual  14: 2 op, 378015200.00 ns, 189.0076 ms/op
WorkloadActual  15: 2 op, 350249700.00 ns, 175.1249 ms/op

WorkloadResult   1: 2 op, 387241000.00 ns, 193.6205 ms/op
WorkloadResult   2: 2 op, 402941100.00 ns, 201.4706 ms/op
WorkloadResult   3: 2 op, 363894700.00 ns, 181.9474 ms/op
WorkloadResult   4: 2 op, 332555800.00 ns, 166.2779 ms/op
WorkloadResult   5: 2 op, 373813200.00 ns, 186.9066 ms/op
WorkloadResult   6: 2 op, 336395700.00 ns, 168.1979 ms/op
WorkloadResult   7: 2 op, 341975000.00 ns, 170.9875 ms/op
WorkloadResult   8: 2 op, 409431400.00 ns, 204.7157 ms/op
WorkloadResult   9: 2 op, 361530900.00 ns, 180.7655 ms/op
WorkloadResult  10: 2 op, 371572000.00 ns, 185.7860 ms/op
WorkloadResult  11: 2 op, 357959500.00 ns, 178.9798 ms/op
WorkloadResult  12: 2 op, 349374700.00 ns, 174.6874 ms/op
WorkloadResult  13: 2 op, 383852500.00 ns, 191.9263 ms/op
WorkloadResult  14: 2 op, 378015200.00 ns, 189.0076 ms/op
WorkloadResult  15: 2 op, 350249700.00 ns, 175.1249 ms/op
// GC:  63 20 0 799203168 2
// Threading:  0 0 2


Mean = 183.360 ms, StdErr = 2.975 ms (1.62%), N = 15, StdDev = 11.523 ms
Min = 166.278 ms, Q1 = 174.906 ms, Median = 181.947 ms, Q3 = 190.467 ms, Max = 204.716 ms
IQR = 15.561 ms, LowerFence = 151.565 ms, UpperFence = 213.808 ms
ConfidenceInterval = [171.042 ms; 195.678 ms] (CI 99.9%), Margin = 12.318 ms (6.72% of Mean)
Skewness = 0.26, Kurtosis = 1.91, MValue = 2

// ** Remained 0 (0.0%) benchmark(s) to run. Estimated finish 2026-09-09 16:55 (0h 0m from now) **
Successfully reverted power plan (GUID: 381b4222-f694-41f0-9685-ff5bb260df2e FriendlyName: Balanced)
// ***** BenchmarkRunner: Finish  *****

// * Export *
  BenchmarkDotNet.Artifacts\results\MyBenchmarks.CardBattleEngineBenchmark-report.csv
  BenchmarkDotNet.Artifacts\results\MyBenchmarks.CardBattleEngineBenchmark-report-github.md
  BenchmarkDotNet.Artifacts\results\MyBenchmarks.CardBattleEngineBenchmark-report.html

// * Detailed results *
CardBattleEngineBenchmark.EngineIterateActions: Job-ERIHKH(Toolchain=InProcessNoEmitToolchain, IterationCount=15, LaunchCount=1, WarmupCount=3) [EntityCount=7, MaxDepth=4]
Runtime = ; GC = 
Mean = 183.360 ms, StdErr = 2.975 ms (1.62%), N = 15, StdDev = 11.523 ms
Min = 166.278 ms, Q1 = 174.906 ms, Median = 181.947 ms, Q3 = 190.467 ms, Max = 204.716 ms
IQR = 15.561 ms, LowerFence = 151.565 ms, UpperFence = 213.808 ms
ConfidenceInterval = [171.042 ms; 195.678 ms] (CI 99.9%), Margin = 12.318 ms (6.72% of Mean)
Skewness = 0.26, Kurtosis = 1.91, MValue = 2
-------------------- Histogram --------------------
[160.146 ms ; 174.665 ms) | @@@
[174.665 ms ; 186.929 ms) | @@@@@@@
[186.929 ms ; 197.446 ms) | @@@
[197.446 ms ; 210.848 ms) | @@
---------------------------------------------------

// * Summary *

BenchmarkDotNet v0.15.8, Windows 11 (10.0.26200.9445/25H2/2025Update/HudsonValley2)
Intel Core Ultra 7 165H 1.40GHz, 1 CPU, 22 logical and 16 physical cores
.NET SDK 10.0.301
  [Host] : .NET 8.0.28 (8.0.28, 8.0.2826.26413), X64 RyuJIT x86-64-v3

Toolchain=InProcessNoEmitToolchain  IterationCount=15  LaunchCount=1  
WarmupCount=3  

| Method               | EntityCount | MaxDepth | Mean     | Error    | StdDev   | Gen0       | Gen1       | Allocated |
|--------------------- |------------ |--------- |---------:|---------:|---------:|-----------:|-----------:|----------:|
| EngineIterateActions | 7           | 4        | 183.4 ms | 12.32 ms | 11.52 ms | 31500.0000 | 10000.0000 | 381.09 MB |

// * Legends *
  EntityCount : Value of the 'EntityCount' parameter
  MaxDepth    : Value of the 'MaxDepth' parameter
  Mean        : Arithmetic mean of all measurements
  Error       : Half of 99.9% confidence interval
  StdDev      : Standard deviation of all measurements
  Gen0        : GC Generation 0 collects per 1000 operations
  Gen1        : GC Generation 1 collects per 1000 operations
  Allocated   : Allocated memory per single operation (managed only, inclusive, 1KB = 1024B)
  1 ms        : 1 Millisecond (0.001 sec)

// * Diagnostic Output - MemoryDiagnoser *


// ***** BenchmarkRunner: End *****
Run time: 00:00:10 (10.12 sec), executed benchmarks: 1

Global total time: 00:00:12 (12.03 sec), executed benchmarks: 1
// * Artifacts cleanup *
Artifacts cleanup is finished
