// Validating benchmarks:
// ***** BenchmarkRunner: Start   *****
// ***** Found 1 benchmark(s) in total *****
// ***** Building 1 exe(s) in Parallel: Start   *****
// ***** Done, took 00:00:00 (0.01 sec)   *****
// Found 1 benchmarks:
//   CardBattleEngineBenchmark.EngineIterateActions: Job-ERIHKH(Toolchain=InProcessNoEmitToolchain, IterationCount=15, LaunchCount=1, WarmupCount=3) [EntityCount=7, MaxDepth=4]

Setup power plan (GUID: 8c5e7fda-e8bf-4a96-9a85-a6e23a8c635c FriendlyName: High performance)
// **************************
// Benchmark: CardBattleEngineBenchmark.EngineIterateActions: Job-ERIHKH(Toolchain=InProcessNoEmitToolchain, IterationCount=15, LaunchCount=1, WarmupCount=3) [EntityCount=7, MaxDepth=4]
// *** Execute ***
// Launch: 1 / 1

// Benchmark Process Environment Information:
// BenchmarkDotNet v0.15.8
// Runtime=.NET 8.0.28 (8.0.28, 8.0.2826.26413), X64 RyuJIT x86-64-v3
// GC=Concurrent Workstation
// HardwareIntrinsics=AVX2+BMI1+BMI2+F16C+FMA+LZCNT+MOVBE,AVX,SSE3+SSSE3+SSE4.1+SSE4.2+POPCNT,X86Base+SSE+SSE2,AES+PCLMUL,AvxVnni,SERIALIZE VectorSize=256
// Job: Job-ERIHKH(Toolchain=InProcessNoEmitToolchain, IterationCount=15, LaunchCount=1, WarmupCount=3)

OverheadJitting  1: 1 op, 140400.00 ns, 140.4000 us/op
WorkloadJitting  1: 1 op, 651701700.00 ns, 651.7017 ms/op

OverheadJitting  2: 1 op, 900.00 ns, 900.0000 ns/op
WorkloadJitting  2: 1 op, 338196500.00 ns, 338.1965 ms/op

WorkloadWarmup   1: 1 op, 178512200.00 ns, 178.5122 ms/op
WorkloadWarmup   2: 1 op, 203025400.00 ns, 203.0254 ms/op
WorkloadWarmup   3: 1 op, 233979400.00 ns, 233.9794 ms/op

WorkloadActual   1: 1 op, 217245600.00 ns, 217.2456 ms/op
WorkloadActual   2: 1 op, 202100200.00 ns, 202.1002 ms/op
WorkloadActual   3: 1 op, 194768100.00 ns, 194.7681 ms/op
WorkloadActual   4: 1 op, 183005900.00 ns, 183.0059 ms/op
WorkloadActual   5: 1 op, 195614800.00 ns, 195.6148 ms/op
WorkloadActual   6: 1 op, 221514200.00 ns, 221.5142 ms/op
WorkloadActual   7: 1 op, 183480900.00 ns, 183.4809 ms/op
WorkloadActual   8: 1 op, 177480400.00 ns, 177.4804 ms/op
WorkloadActual   9: 1 op, 183447700.00 ns, 183.4477 ms/op
WorkloadActual  10: 1 op, 194962600.00 ns, 194.9626 ms/op
WorkloadActual  11: 1 op, 185681000.00 ns, 185.6810 ms/op
WorkloadActual  12: 1 op, 190047600.00 ns, 190.0476 ms/op
WorkloadActual  13: 1 op, 194212800.00 ns, 194.2128 ms/op
WorkloadActual  14: 1 op, 172813600.00 ns, 172.8136 ms/op
WorkloadActual  15: 1 op, 186156200.00 ns, 186.1562 ms/op

WorkloadResult   1: 1 op, 202100200.00 ns, 202.1002 ms/op
WorkloadResult   2: 1 op, 194768100.00 ns, 194.7681 ms/op
WorkloadResult   3: 1 op, 183005900.00 ns, 183.0059 ms/op
WorkloadResult   4: 1 op, 195614800.00 ns, 195.6148 ms/op
WorkloadResult   5: 1 op, 183480900.00 ns, 183.4809 ms/op
WorkloadResult   6: 1 op, 177480400.00 ns, 177.4804 ms/op
WorkloadResult   7: 1 op, 183447700.00 ns, 183.4477 ms/op
WorkloadResult   8: 1 op, 194962600.00 ns, 194.9626 ms/op
WorkloadResult   9: 1 op, 185681000.00 ns, 185.6810 ms/op
WorkloadResult  10: 1 op, 190047600.00 ns, 190.0476 ms/op
WorkloadResult  11: 1 op, 194212800.00 ns, 194.2128 ms/op
WorkloadResult  12: 1 op, 172813600.00 ns, 172.8136 ms/op
WorkloadResult  13: 1 op, 186156200.00 ns, 186.1562 ms/op


Mean = 187.982 ms, StdErr = 2.279 ms (1.21%), N = 13, StdDev = 8.216 ms
Min = 172.814 ms, Q1 = 183.448 ms, Median = 186.156 ms, Q3 = 194.768 ms, Max = 202.100 ms
IQR = 11.320 ms, LowerFence = 166.467 ms, UpperFence = 211.749 ms
ConfidenceInterval = [178.143 ms; 197.821 ms] (CI 99.9%), Margin = 9.839 ms (5.23% of Mean)
Skewness = -0.11, Kurtosis = 1.95, MValue = 2

// ** Remained 0 (0.0%) benchmark(s) to run. Estimated finish 2026-09-09 16:44 (0h 0m from now) **
Successfully reverted power plan (GUID: 381b4222-f694-41f0-9685-ff5bb260df2e FriendlyName: Balanced)
// ***** BenchmarkRunner: Finish  *****

// * Export *
  BenchmarkDotNet.Artifacts\results\MyBenchmarks.CardBattleEngineBenchmark-report.csv
  BenchmarkDotNet.Artifacts\results\MyBenchmarks.CardBattleEngineBenchmark-report-github.md
  BenchmarkDotNet.Artifacts\results\MyBenchmarks.CardBattleEngineBenchmark-report.html

// * Detailed results *
CardBattleEngineBenchmark.EngineIterateActions: Job-ERIHKH(Toolchain=InProcessNoEmitToolchain, IterationCount=15, LaunchCount=1, WarmupCount=3) [EntityCount=7, MaxDepth=4]
Runtime = ; GC = 
Mean = 187.982 ms, StdErr = 2.279 ms (1.21%), N = 13, StdDev = 8.216 ms
Min = 172.814 ms, Q1 = 183.448 ms, Median = 186.156 ms, Q3 = 194.768 ms, Max = 202.100 ms
IQR = 11.320 ms, LowerFence = 166.467 ms, UpperFence = 211.749 ms
ConfidenceInterval = [178.143 ms; 197.821 ms] (CI 99.9%), Margin = 9.839 ms (5.23% of Mean)
Skewness = -0.11, Kurtosis = 1.95, MValue = 2
-------------------- Histogram --------------------
[170.561 ms ; 181.941 ms) | @@
[181.941 ms ; 191.113 ms) | @@@@@@
[191.113 ms ; 202.743 ms) | @@@@@
---------------------------------------------------

// * Summary *

BenchmarkDotNet v0.15.8, Windows 11 (10.0.26200.9445/25H2/2025Update/HudsonValley2)
Intel Core Ultra 7 165H 1.40GHz, 1 CPU, 22 logical and 16 physical cores
.NET SDK 10.0.301
  [Host] : .NET 8.0.28 (8.0.28, 8.0.2826.26413), X64 RyuJIT x86-64-v3

Toolchain=InProcessNoEmitToolchain  IterationCount=15  LaunchCount=1  
WarmupCount=3  

| Method               | EntityCount | MaxDepth | Mean     | Error   | StdDev  |
|--------------------- |------------ |--------- |---------:|--------:|--------:|
| EngineIterateActions | 7           | 4        | 188.0 ms | 9.84 ms | 8.22 ms |

// * Hints *
Outliers
  CardBattleEngineBenchmark.EngineIterateActions: Toolchain=InProcessNoEmitToolchain, IterationCount=15, LaunchCount=1, WarmupCount=3 -> 2 outliers were removed (217.25 ms, 221.51 ms)

// * Legends *
  EntityCount : Value of the 'EntityCount' parameter
  MaxDepth    : Value of the 'MaxDepth' parameter
  Mean        : Arithmetic mean of all measurements
  Error       : Half of 99.9% confidence interval
  StdDev      : Standard deviation of all measurements
  1 ms        : 1 Millisecond (0.001 sec)

// ***** BenchmarkRunner: End *****
Run time: 00:00:05 (5.43 sec), executed benchmarks: 1

Global total time: 00:00:07 (7.38 sec), executed benchmarks: 1
// * Artifacts cleanup *
Artifacts cleanup is finished
