// Validating benchmarks:
// ***** BenchmarkRunner: Start   *****
// ***** Found 1 benchmark(s) in total *****
// ***** Building 1 exe(s) in Parallel: Start   *****
// ***** Done, took 00:00:00 (0.01 sec)   *****
// Found 1 benchmarks:
//   CardBattleEngineBenchmark.EngineIterateActions: Job-ERIHKH(Toolchain=InProcessNoEmitToolchain, IterationCount=15, LaunchCount=1, WarmupCount=3) [EntityCount=7, MaxDepth=4]

Setup power plan (GUID: 8c5e7fda-e8bf-4a96-9a85-a6e23a8c635c FriendlyName: High performance)
// **************************
// Benchmark: CardBattleEngineBenchmark.EngineIterateActions: Job-ERIHKH(Toolchain=InProcessNoEmitToolchain, IterationCount=15, LaunchCount=1, WarmupCount=3) [EntityCount=7, MaxDepth=4]
// *** Execute ***
// Launch: 1 / 1

// Benchmark Process Environment Information:
// BenchmarkDotNet v0.15.8
// Runtime=.NET 8.0.28 (8.0.28, 8.0.2826.26413), X64 RyuJIT x86-64-v3
// GC=Concurrent Workstation
// HardwareIntrinsics=AVX2+BMI1+BMI2+F16C+FMA+LZCNT+MOVBE,AVX,SSE3+SSSE3+SSE4.1+SSE4.2+POPCNT,X86Base+SSE+SSE2,AES+PCLMUL,AvxVnni,SERIALIZE VectorSize=256
// Job: Job-ERIHKH(Toolchain=InProcessNoEmitToolchain, IterationCount=15, LaunchCount=1, WarmupCount=3)

OverheadJitting  1: 1 op, 109000.00 ns, 109.0000 us/op
WorkloadJitting  1: 1 op, 745649200.00 ns, 745.6492 ms/op

OverheadJitting  2: 1 op, 1800.00 ns, 1.8000 us/op
WorkloadJitting  2: 1 op, 302418300.00 ns, 302.4183 ms/op

WorkloadPilot    1: 2 op, 369699000.00 ns, 184.8495 ms/op
WorkloadPilot    2: 3 op, 521273400.00 ns, 173.7578 ms/op

WorkloadWarmup   1: 3 op, 539899700.00 ns, 179.9666 ms/op
WorkloadWarmup   2: 3 op, 602338100.00 ns, 200.7794 ms/op
WorkloadWarmup   3: 3 op, 593662800.00 ns, 197.8876 ms/op

WorkloadActual   1: 3 op, 540657300.00 ns, 180.2191 ms/op
WorkloadActual   2: 3 op, 517519000.00 ns, 172.5063 ms/op
WorkloadActual   3: 3 op, 529580600.00 ns, 176.5269 ms/op
WorkloadActual   4: 3 op, 566841000.00 ns, 188.9470 ms/op
WorkloadActual   5: 3 op, 521602000.00 ns, 173.8673 ms/op
WorkloadActual   6: 3 op, 527979800.00 ns, 175.9933 ms/op
WorkloadActual   7: 3 op, 536067800.00 ns, 178.6893 ms/op
WorkloadActual   8: 3 op, 555584200.00 ns, 185.1947 ms/op
WorkloadActual   9: 3 op, 522795200.00 ns, 174.2651 ms/op
WorkloadActual  10: 3 op, 534948400.00 ns, 178.3161 ms/op
WorkloadActual  11: 3 op, 550708800.00 ns, 183.5696 ms/op
WorkloadActual  12: 3 op, 549895700.00 ns, 183.2986 ms/op
WorkloadActual  13: 3 op, 525095200.00 ns, 175.0317 ms/op
WorkloadActual  14: 3 op, 510679500.00 ns, 170.2265 ms/op
WorkloadActual  15: 3 op, 523616600.00 ns, 174.5389 ms/op

WorkloadResult   1: 3 op, 540657300.00 ns, 180.2191 ms/op
WorkloadResult   2: 3 op, 517519000.00 ns, 172.5063 ms/op
WorkloadResult   3: 3 op, 529580600.00 ns, 176.5269 ms/op
WorkloadResult   4: 3 op, 566841000.00 ns, 188.9470 ms/op
WorkloadResult   5: 3 op, 521602000.00 ns, 173.8673 ms/op
WorkloadResult   6: 3 op, 527979800.00 ns, 175.9933 ms/op
WorkloadResult   7: 3 op, 536067800.00 ns, 178.6893 ms/op
WorkloadResult   8: 3 op, 555584200.00 ns, 185.1947 ms/op
WorkloadResult   9: 3 op, 522795200.00 ns, 174.2651 ms/op
WorkloadResult  10: 3 op, 534948400.00 ns, 178.3161 ms/op
WorkloadResult  11: 3 op, 550708800.00 ns, 183.5696 ms/op
WorkloadResult  12: 3 op, 549895700.00 ns, 183.2986 ms/op
WorkloadResult  13: 3 op, 525095200.00 ns, 175.0317 ms/op
WorkloadResult  14: 3 op, 510679500.00 ns, 170.2265 ms/op
WorkloadResult  15: 3 op, 523616600.00 ns, 174.5389 ms/op


Mean = 178.079 ms, StdErr = 1.354 ms (0.76%), N = 15, StdDev = 5.242 ms
Min = 170.226 ms, Q1 = 174.402 ms, Median = 176.527 ms, Q3 = 181.759 ms, Max = 188.947 ms
IQR = 7.357 ms, LowerFence = 163.367 ms, UpperFence = 192.794 ms
ConfidenceInterval = [172.475 ms; 183.684 ms] (CI 99.9%), Margin = 5.604 ms (3.15% of Mean)
Skewness = 0.5, Kurtosis = 2.1, MValue = 2

// ** Remained 0 (0.0%) benchmark(s) to run. Estimated finish 2026-09-09 16:43 (0h 0m from now) **
Successfully reverted power plan (GUID: 381b4222-f694-41f0-9685-ff5bb260df2e FriendlyName: Balanced)
// ***** BenchmarkRunner: Finish  *****

// * Export *
  BenchmarkDotNet.Artifacts\results\MyBenchmarks.CardBattleEngineBenchmark-report.csv
  BenchmarkDotNet.Artifacts\results\MyBenchmarks.CardBattleEngineBenchmark-report-github.md
  BenchmarkDotNet.Artifacts\results\MyBenchmarks.CardBattleEngineBenchmark-report.html

// * Detailed results *
CardBattleEngineBenchmark.EngineIterateActions: Job-ERIHKH(Toolchain=InProcessNoEmitToolchain, IterationCount=15, LaunchCount=1, WarmupCount=3) [EntityCount=7, MaxDepth=4]
Runtime = ; GC = 
Mean = 178.079 ms, StdErr = 1.354 ms (0.76%), N = 15, StdDev = 5.242 ms
Min = 170.226 ms, Q1 = 174.402 ms, Median = 176.527 ms, Q3 = 181.759 ms, Max = 188.947 ms
IQR = 7.357 ms, LowerFence = 163.367 ms, UpperFence = 192.794 ms
ConfidenceInterval = [172.475 ms; 183.684 ms] (CI 99.9%), Margin = 5.604 ms (3.15% of Mean)
Skewness = 0.5, Kurtosis = 2.1, MValue = 2
-------------------- Histogram --------------------
[167.437 ms ; 173.488 ms) | @@
[173.488 ms ; 179.068 ms) | @@@@@@@@
[179.068 ms ; 185.497 ms) | @@@@
[185.497 ms ; 191.737 ms) | @
---------------------------------------------------

// * Summary *

BenchmarkDotNet v0.15.8, Windows 11 (10.0.26200.9445/25H2/2025Update/HudsonValley2)
Intel Core Ultra 7 165H 1.40GHz, 1 CPU, 22 logical and 16 physical cores
.NET SDK 10.0.301
  [Host] : .NET 8.0.28 (8.0.28, 8.0.2826.26413), X64 RyuJIT x86-64-v3

Toolchain=InProcessNoEmitToolchain  IterationCount=15  LaunchCount=1  
WarmupCount=3  

| Method               | EntityCount | MaxDepth | Mean     | Error   | StdDev  |
|--------------------- |------------ |--------- |---------:|--------:|--------:|
| EngineIterateActions | 7           | 4        | 178.1 ms | 5.60 ms | 5.24 ms |

// * Legends *
  EntityCount : Value of the 'EntityCount' parameter
  MaxDepth    : Value of the 'MaxDepth' parameter
  Mean        : Arithmetic mean of all measurements
  Error       : Half of 99.9% confidence interval
  StdDev      : Standard deviation of all measurements
  1 ms        : 1 Millisecond (0.001 sec)

// ***** BenchmarkRunner: End *****
Run time: 00:00:12 (12.6 sec), executed benchmarks: 1

Global total time: 00:00:14 (14.24 sec), executed benchmarks: 1
// * Artifacts cleanup *
Artifacts cleanup is finished
